******************************************************************************
                  TI ARM Linker PC v18.12.2                    
******************************************************************************
>> Linked Wed Nov 13 17:33:30 2019

OUTPUT FILE NAME:   <practica_3.out>
ENTRY POINT SYMBOL: "_c_int00_noargs"  address: 00014281


MEMORY CONFIGURATION

         name            origin    length      used     unused   attr    fill
----------------------  --------  ---------  --------  --------  ----  --------
  FLASH                 00000000   00100000  00015bf0  000ea410  R  X
  SRAM                  20000000   00040000  000022e9  0003dd17  RW X


SEGMENT ALLOCATION MAP

run origin  load origin   length   init length attrs members
----------  ----------- ---------- ----------- ----- -------
00000000    00000000    00015bf8   00015bf8    r-x
  00000000    00000000    00000208   00000208    r-- .intvecs
  00000208    00000208    00014384   00014384    r-x .text
  00014590    00014590    000015bc   000015bc    r-- .const
  00015b50    00015b50    000000a8   000000a8    r-- .cinit
20000000    20000000    000022f0   00000000    rw-
  20000000    20000000    0000026c   00000000    rw- .vtable
  20000270    20000270    00001000   00000000    rw- .stack
  20001270    20001270    00000ba9   00000000    rw- .bss
  20001e1c    20001e1c    000004d4   00000000    rw- .data


SECTION ALLOCATION MAP

 output                                  attributes/
section   page    origin      length       input sections
--------  ----  ----------  ----------   ----------------
.intvecs   0    00000000    00000208     
                  00000000    00000208     tm4c1294ncpdt_startup_ccs.obj (.intvecs)

.text      0    00000208    00014384     
                  00000208    0000d5e0     SENSORLIB2.lib : bmi160.obj (.text)
                  0000d7e8    00001e28                    : bme280.obj (.text)
                  0000f610    00000dc0     p3_apartado_3.obj (.text)
                  000103d0    00000c44     SENSORLIB2.lib : bmi160_support.obj (.text)
                  00011014    00000a4e     rtsv7M4_T_le_v4SPD16_eabi.lib : _printfi.c.obj (.text:__TI_printfi)
                  00011a62    00000002                                   : div0.asm.obj (.text)
                  00011a64    000004a0     SENSORLIB2.lib : HAL_I2C.obj (.text)
                  00011f04    0000028c                    : bme280_support.obj (.text)
                  00012190    00000270     rtsv7M4_T_le_v4SPD16_eabi.lib : _printfi.c.obj (.text:_pconv_a)
                  00012400    00000200     driverlib.lib : sysctl.obj (.text:SysCtlClockFreqSet)
                  00012600    00000200     rtsv7M4_T_le_v4SPD16_eabi.lib : s_exp2.c.obj (.text:exp2)
                  00012800    000001d0                                   : _printfi.c.obj (.text:_pconv_g)
                  000129d0    000001b6                                   : fd_add_t2.asm.obj (.text)
                  00012b86    00000002     --HOLE-- [fill = 0]
                  00012b88    00000150                                   : s_atanf.c.obj (.text:atanf)
                  00012cd8    0000013c                                   : _printfi.c.obj (.text:_pconv_e)
                  00012e14    00000136                                   : fd_div_t2.asm.obj (.text)
                  00012f4a    00000132     driverlib.lib : gpio.obj (.text:GPIOPadConfigSet)
                  0001307c    00000124     rtsv7M4_T_le_v4SPD16_eabi.lib : _printfi.c.obj (.text:fcvt)
                  000131a0    00000120     SENSORLIB2.lib : HAL_tmp007.obj (.text)
                  000132c0    00000110     rtsv7M4_T_le_v4SPD16_eabi.lib : s_scalbn.c.obj (.text:scalbn)
                  000133d0    000000fc                                   : fd_mul_t2.asm.obj (.text)
                  000134cc    000000f8                                   : s_floor.c.obj (.text:floor)
                  000135c4    000000d8     SENSORLIB2.lib : HAL_OPT3001.obj (.text)
                  0001369c    000000c0     rtsv7M4_T_le_v4SPD16_eabi.lib : s_round.c.obj (.text:round)
                  0001375c    000000b1                                   : _printfi.c.obj (.text:_ltostr)
                  0001380d    00000001     --HOLE-- [fill = 0]
                  0001380e    0000009c                                   : memcpy_t2.asm.obj (.text)
                  000138aa    00000096                                   : ull_div_t2.asm.obj (.text)
                  00013940    00000086                                   : fd_cmp_t2.asm.obj (.text:__aeabi_cdcmple)
                  000139c6    00000086                                   : fd_cmp_t2.asm.obj (.text:__aeabi_cdrcmple)
                  00013a4c    0000007a                                   : memset_t2.asm.obj (.text)
                  00013ac6    0000006e                                   : _printfi.c.obj (.text:_mcpy)
                  00013b34    0000006e                                   : fd_tos_t2.asm.obj (.text)
                  00013ba2    0000006e                                   : ll_div_t2.asm.obj (.text)
                  00013c10    00000068     driverlib.lib : interrupt.obj (.text:IntEnable)
                  00013c78    00000068     rtsv7M4_T_le_v4SPD16_eabi.lib : copy_decompress_lzss.c.obj (.text:decompress:lzss:__TI_decompress_lzss)
                  00013ce0    00000064                                   : s_frexp.c.obj (.text:frexp)
                  00013d44    00000060     driverlib.lib : timer.obj (.text:TimerConfigure)
                  00013da4    00000056     rtsv7M4_T_le_v4SPD16_eabi.lib : _printfi.c.obj (.text:_pconv_f)
                  00013dfa    00000054                                   : ltoa.c.obj (.text:ltoa)
                  00013e4e    00000052                                   : _printfi.c.obj (.text:_ecpy)
                  00013ea0    0000004c     driverlib.lib : i2c.obj (.text:I2CMasterInitExpClk)
                  00013eec    0000004c                   : timer.obj (.text:_TimerIntNumberGet)
                  00013f38    0000004c     rtsv7M4_T_le_v4SPD16_eabi.lib : atoi.c.obj (.text:atoi)
                  00013f84    00000048     driverlib.lib : gpio.obj (.text:GPIOPinConfigure)
                  00013fcc    00000048                   : sysctl.obj (.text:_SysCtlFrequencyGet)
                  00014014    00000048     rtsv7M4_T_le_v4SPD16_eabi.lib : fd_toi_t2.asm.obj (.text)
                  0001405c    00000046     driverlib.lib : uart.obj (.text:UARTConfigSetExpClk)
                  000140a2    00000002     --HOLE-- [fill = 0]
                  000140a4    00000044     rtsv7M4_T_le_v4SPD16_eabi.lib : autoinit.c.obj (.text:__TI_auto_init_nobinit_nopinit:__TI_auto_init_nobinit_nopinit)
                  000140e8    00000040                                   : u_divt2.asm.obj (.text)
                  00014128    00000040                                   : sprintf.c.obj (.text:sprintf)
                  00014168    0000003e                                   : _printfi.c.obj (.text:_fcpy)
                  000141a6    00000002     --HOLE-- [fill = 0]
                  000141a8    00000038     driverlib.lib : sysctl.obj (.text:SysCtlPeripheralPresent)
                  000141e0    00000038     rtsv7M4_T_le_v4SPD16_eabi.lib : fs_tod_t2.asm.obj (.text)
                  00014218    00000034     driverlib.lib : interrupt.obj (.text:IntRegister)
                  0001424c    00000034                   : sysctl.obj (.text:SysCtlPeripheralEnable)
                  00014280    00000034     rtsv7M4_T_le_v4SPD16_eabi.lib : boot_cortex_m.c.obj (.text:_c_int00_noargs:_c_int00_noargs)
                  000142b4    0000002e                                   : i_tofd_t2.asm.obj (.text)
                  000142e2    0000002a     driverlib.lib : gpio.obj (.text:GPIODirModeSet)
                  0001430c    00000020                   : uart.obj (.text:UARTDisable)
                  0001432c    00000020                   : sysctl.obj (.text:_SysCtlMemTimingGet)
                  0001434c    00000020     rtsv7M4_T_le_v4SPD16_eabi.lib : u_tofd_t2.asm.obj (.text)
                  0001436c    0000001c                                   : memccpy.c.obj (.text:memccpy)
                  00014388    0000001a                                   : s_copysign.c.obj (.text:copysign)
                  000143a2    00000018     driverlib.lib : gpio.obj (.text:GPIOPinTypeGPIOOutput)
                  000143ba    00000018                   : timer.obj (.text:TimerIntRegister)
                  000143d2    00000018     rtsv7M4_T_le_v4SPD16_eabi.lib : sprintf.c.obj (.text:_outs)
                  000143ea    00000018                                   : ll_mul_t2.asm.obj (.text)
                  00014402    00000016     driverlib.lib : i2c.obj (.text:I2CMasterErr)
                  00014418    00000016     rtsv7M4_T_le_v4SPD16_eabi.lib : strchr.c.obj (.text:strchr)
                  0001442e    00000014     driverlib.lib : uart.obj (.text:UARTEnable)
                  00014442    00000014     rtsv7M4_T_le_v4SPD16_eabi.lib : strlen.c.obj (.text:strlen)
                  00014456    00000012     driverlib.lib : gpio.obj (.text:GPIOPinTypeGPIOInput)
                  00014468    00000012                   : gpio.obj (.text:GPIOPinTypeI2C)
                  0001447a    00000012                   : gpio.obj (.text:GPIOPinTypeI2CSCL)
                  0001448c    00000012                   : gpio.obj (.text:GPIOPinTypeUART)
                  0001449e    00000012                   : timer.obj (.text:TimerLoadSet)
                  000144b0    00000012     rtsv7M4_T_le_v4SPD16_eabi.lib : wcslen.c.obj (.text:wcslen)
                  000144c2    00000010     driverlib.lib : interrupt.obj (.text:IntMasterEnable)
                  000144d2    0000000e                   : timer.obj (.text:TimerEnable)
                  000144e0    0000000e     rtsv7M4_T_le_v4SPD16_eabi.lib : copy_decompress_none.c.obj (.text:decompress:none:__TI_decompress_none)
                  000144ee    0000000c     driverlib.lib : cpu.obj (.text:CPUcpsie)
                  000144fa    0000000c     rtsv7M4_T_le_v4SPD16_eabi.lib : copy_zero_init.c.obj (.text:decompress:ZI:__TI_zero_init)
                  00014506    0000000c     tm4c1294ncpdt_startup_ccs.obj (.text)
                  00014512    0000000a     driverlib.lib : i2c.obj (.text:I2CMasterEnable)
                  0001451c    0000000a                   : uart.obj (.text:UARTCharGet)
                  00014526    0000000a                   : uart.obj (.text:UARTCharPut)
                  00014530    0000000a     rtsv7M4_T_le_v4SPD16_eabi.lib : sprintf.c.obj (.text:_outc)
                  0001453a    00000008     driverlib.lib : i2c.obj (.text:I2CMasterBusy)
                  00014542    00000008                   : i2c.obj (.text:I2CMasterSlaveAddrSet)
                  0001454a    00000008                   : timer.obj (.text:TimerIntEnable)
                  00014552    00000002     --HOLE-- [fill = 0]
                  00014554    00000008     rtsv7M4_T_le_v4SPD16_eabi.lib : errno.c.obj (.text:__aeabi_errno_addr)
                  0001455c    00000006     driverlib.lib : gpio.obj (.text:GPIOPinRead)
                  00014562    00000006                   : gpio.obj (.text:GPIOPinWrite)
                  00014568    00000006                   : sysctl.obj (.text:SysCtlDelay)
                  0001456e    00000006                   : timer.obj (.text:TimerClockSourceSet)
                  00014574    00000004                   : i2c.obj (.text:I2CMasterControl)
                  00014578    00000004                   : i2c.obj (.text:I2CMasterDataGet)
                  0001457c    00000004                   : i2c.obj (.text:I2CMasterDataPut)
                  00014580    00000004                   : timer.obj (.text:TimerIntClear)
                  00014584    00000004     rtsv7M4_T_le_v4SPD16_eabi.lib : pre_init.c.obj (.text:_system_pre_init)
                  00014588    00000004                                   : exit.c.obj (.text:abort:abort)

.const     0    00014590    000015bc     
                  00014590    00001000     rtsv7M4_T_le_v4SPD16_eabi.lib : s_exp2.c.obj (.const:tbl)
                  00015590    000001b0     driverlib.lib : sysctl.obj (.const:g_pppui32XTALtoVCO)
                  00015740    00000101     rtsv7M4_T_le_v4SPD16_eabi.lib : ctype.c.obj (.const:.string:_ctypes_)
                  00015841    00000003     SENSORLIB2.lib : bmi160.obj (.const:.string:INVALID_OFFSET)
                  00015844    00000090     driverlib.lib : gpio.obj (.const:g_pui32GPIOBaseAddrs)
                  000158d4    00000070                   : interrupt.obj (.const)
                  00015944    0000006c                   : sysctl.obj (.const:g_pui32Xtals)
                  000159b0    00000060                   : timer.obj (.const:g_ppui32TimerIntMap)
                  00015a10    00000054     p3_apartado_3.obj (.const:.string)
                  00015a64    00000040     driverlib.lib : timer.obj (.const:g_ppui32TimerIntMapSnowflake)
                  00015aa4    00000034     rtsv7M4_T_le_v4SPD16_eabi.lib : s_atanf.c.obj (.const:$O1$$)
                  00015ad8    00000030     driverlib.lib : sysctl.obj (.const:g_sXTALtoMEMTIM)
                  00015b08    0000000c     p3_apartado_3.obj (.const:g_ui32UARTBase)
                  00015b14    0000000c     p3_apartado_3.obj (.const:g_ui32UARTPeriph)
                  00015b20    0000000c     SENSORLIB2.lib : bmi160.obj (.const:yas532_version_ac_coef)
                  00015b2c    00000008     driverlib.lib : sysctl.obj (.const)
                  00015b34    00000008     SENSORLIB2.lib : bmi160.obj (.const:v_calib_data$2)
                  00015b3c    00000005                    : bme280_support.obj (.const:.string:$P$T0$1)
                  00015b41    00000005                    : bmi160.obj (.const:.string:v_correct_u8$1)
                  00015b46    00000002     --HOLE-- [fill = 0]
                  00015b48    00000004     p3_apartado_3.obj (.const)

.cinit     0    00015b50    000000a8     
                  00015b50    0000006e     (.cinit..data.load) [load image, compression = lzss]
                  00015bbe    00000002     --HOLE-- [fill = 0]
                  00015bc0    0000000c     (__TI_handler_table)
                  00015bcc    00000004     --HOLE-- [fill = 0]
                  00015bd0    00000008     (.cinit..bss.load) [load image, compression = zero_init]
                  00015bd8    00000008     (.cinit..vtable.load) [load image, compression = zero_init]
                  00015be0    00000018     (__TI_cinit_table)

.init_array 
*          0    00000000    00000000     UNINITIALIZED

.vtable    0    20000000    0000026c     UNINITIALIZED
                  20000000    0000026c     driverlib.lib : interrupt.obj (.vtable)

.bss       0    20001270    00000ba9     UNINITIALIZED
                  20001270    0000036c     (.common:accel_fifo)
                  200015dc    0000036c     (.common:gyro_fifo)
                  20001948    0000036c     (.common:mag_fifo)
                  20001cb4    00000070     SENSORLIB2.lib : bmi160.obj (.bss:yas532_data)
                  20001d24    00000050     (.common:string)
                  20001d74    0000003c     (.common:bme280)
                  20001db0    00000014     (.common:s_bmi160)
                  20001dc4    00000010                    : bmi160.obj (.bss:mag_trim)
                  20001dd4    0000000c     (.common:s_magcompXYZ)
                  20001de0    00000006     (.common:accelxyz)
                  20001de6    00000006     (.common:gyroxyz)
                  20001dec    00000004                    : bmi160.obj (.bss)
                  20001df0    00000004     (.common:I2C_Base)
                  20001df4    00000004     (.common:RELOJ)
                  20001df8    00000004     (.common:angulo)
                  20001dfc    00000004     (.common:direccion)
                  20001e00    00000004     (.common:grados)
                  20001e04    00000004     (.common:p_bme280)
                  20001e08    00000004     (.common:placa)
                  20001e0c    00000004     (.common:referencia)
                  20001e10    00000003                    : bmi160.obj (.bss:akm_asa_data)
                  20001e13    00000001     (.common:Bme_OK)
                  20001e14    00000002                    : HAL_tmp007.obj (.bss)
                  20001e16    00000001     (.common:Bmi_OK)
                  20001e17    00000001     (.common:Opt_OK)
                  20001e18    00000001     (.common:Tmp_OK)

.data      0    20001e1c    000004d4     UNINITIALIZED
                  20001e1c    00000400     SENSORLIB2.lib : bmi160.obj (.data:v_fifo_data_u8)
                  2000221c    00000040     p3_apartado_3.obj (.data:Rumbo)
                  2000225c    00000040     p3_apartado_3.obj (.data:Step)
                  2000229c    00000025     p3_apartado_3.obj (.data)
                  200022c1    00000003     --HOLE--
                  200022c4    00000010     p3_apartado_3.obj (.data:Pin)
                  200022d4    00000010     p3_apartado_3.obj (.data:Puerto)
                  200022e4    00000008     SENSORLIB2.lib : bmi160.obj (.data)
                  200022ec    00000004     rtsv7M4_T_le_v4SPD16_eabi.lib : errno.c.obj (.data)

.stack     0    20000270    00001000     UNINITIALIZED
                  20000270    00000004     rtsv7M4_T_le_v4SPD16_eabi.lib : boot_cortex_m.c.obj (.stack)
                  20000274    00000ffc     --HOLE--

MODULE SUMMARY

       Module                          code    ro data   rw data
       ------                          ----    -------   -------
    .\
       p3_apartado_3.obj               3520    112       317    
       tm4c1294ncpdt_startup_ccs.obj   12      520       0      
    +--+-------------------------------+-------+---------+---------+
       Total:                          3532    632       317    
                                                                
    ../SENSORLIB2.lib
       bmi160.obj                      54752   28        3795   
       bme280.obj                      7720    0         4      
       bmi160_support.obj              3140    0         32     
       HAL_I2C.obj                     1184    0         4      
       bme280_support.obj              652     5         60     
       HAL_tmp007.obj                  288     0         2      
       HAL_OPT3001.obj                 216     0         0      
    +--+-------------------------------+-------+---------+---------+
       Total:                          67952   33        3897   
                                                                
    C:/ti/TivaWare_C_Series-2.1.4.178/driverlib/ccs/Debug/driverlib.lib
       sysctl.obj                      730     596       0      
       interrupt.obj                   172     112       620    
       gpio.obj                        528     144       0      
       timer.obj                       246     160       0      
       uart.obj                        142     0         0      
       i2c.obj                         136     0         0      
       cpu.obj                         12      0         0      
    +--+-------------------------------+-------+---------+---------+
       Total:                          1966    1012      620    
                                                                
    C:\ti\ccs910\ccs\tools\compiler\ti-cgt-arm_18.12.2.LTS\lib\rtsv7M4_T_le_v4SPD16_eabi.lib
       _printfi.c.obj                  4851    0         0      
       s_exp2.c.obj                    512     4096      0      
       fd_add_t2.asm.obj               438     0         0      
       s_atanf.c.obj                   336     52        0      
       fd_div_t2.asm.obj               310     0         0      
       s_scalbn.c.obj                  272     0         0      
       fd_cmp_t2.asm.obj               268     0         0      
       ctype.c.obj                     0       257       0      
       fd_mul_t2.asm.obj               252     0         0      
       s_floor.c.obj                   248     0         0      
       s_round.c.obj                   192     0         0      
       memcpy_t2.asm.obj               156     0         0      
       ull_div_t2.asm.obj              150     0         0      
       memset_t2.asm.obj               122     0         0      
       fd_tos_t2.asm.obj               110     0         0      
       ll_div_t2.asm.obj               110     0         0      
       copy_decompress_lzss.c.obj      104     0         0      
       s_frexp.c.obj                   100     0         0      
       sprintf.c.obj                   98      0         0      
       ltoa.c.obj                      84      0         0      
       atoi.c.obj                      76      0         0      
       fd_toi_t2.asm.obj               72      0         0      
       autoinit.c.obj                  68      0         0      
       u_divt2.asm.obj                 64      0         0      
       fs_tod_t2.asm.obj               56      0         0      
       boot_cortex_m.c.obj             52      0         0      
       i_tofd_t2.asm.obj               46      0         0      
       u_tofd_t2.asm.obj               32      0         0      
       memccpy.c.obj                   28      0         0      
       s_copysign.c.obj                26      0         0      
       ll_mul_t2.asm.obj               24      0         0      
       strchr.c.obj                    22      0         0      
       strlen.c.obj                    20      0         0      
       wcslen.c.obj                    18      0         0      
       copy_decompress_none.c.obj      14      0         0      
       copy_zero_init.c.obj            12      0         0      
       errno.c.obj                     8       0         4      
       exit.c.obj                      4       0         0      
       pre_init.c.obj                  4       0         0      
       div0.asm.obj                    2       0         0      
    +--+-------------------------------+-------+---------+---------+
       Total:                          9361    4405      4      
                                                                
       Stack:                          0       0         4096   
       Linker Generated:               0       162       0      
    +--+-------------------------------+-------+---------+---------+
       Grand Total:                    82811   6244      8934   


LINKER GENERATED COPY TABLES

__TI_cinit_table @ 00015be0 records: 3, size/record: 8, table size: 24
	.data: load addr=00015b50, load size=0000006e bytes, run addr=20001e1c, run size=000004d4 bytes, compression=lzss
	.bss: load addr=00015bd0, load size=00000008 bytes, run addr=20001270, run size=00000ba9 bytes, compression=zero_init
	.vtable: load addr=00015bd8, load size=00000008 bytes, run addr=20000000, run size=0000026c bytes, compression=zero_init


LINKER GENERATED HANDLER TABLE

__TI_handler_table @ 00015bc0 records: 3, size/record: 4, table size: 12
	index: 0, handler: __TI_zero_init
	index: 1, handler: __TI_decompress_lzss
	index: 2, handler: __TI_decompress_none


GLOBAL SYMBOLS: SORTED ALPHABETICALLY BY Name 

address   name                                                  
-------   ----                                                  
0001204f  BME280_I2C_bus_read                                   
00012023  BME280_I2C_bus_write                                  
0001207b  BME280_SPI_bus_read                                   
000120e1  BME280_SPI_bus_write                                  
00012151  BME280_delay_msek                                     
20001e13  Bme_OK                                                
20001e16  Bmi_OK                                                
00014589  C$$EXIT                                               
000144ef  CPUcpsie                                              
200022a0  Cambia                                                
00011ad3  Conf_Boosterpack                                      
00011a65  Detecta_BP                                            
200022a4  DevID                                                 
00011ba5  Espera_I2C                                            
000142e3  GPIODirModeSet                                        
00012f4b  GPIOPadConfigSet                                      
00013f85  GPIOPinConfigure                                      
0001455d  GPIOPinRead                                           
00014457  GPIOPinTypeGPIOInput                                  
000143a3  GPIOPinTypeGPIOOutput                                 
00014469  GPIOPinTypeI2C                                        
0001447b  GPIOPinTypeI2CSCL                                     
0001448d  GPIOPinTypeUART                                       
00014563  GPIOPinWrite                                          
0001453b  I2CMasterBusy                                         
00014575  I2CMasterControl                                      
00014579  I2CMasterDataGet                                      
0001457d  I2CMasterDataPut                                      
00014513  I2CMasterEnable                                       
00014403  I2CMasterErr                                          
00013ea1  I2CMasterInitExpClk                                   
00014543  I2CMasterSlaveAddrSet                                 
20001df0  I2C_Base                                              
00011bbf  I2C_read16                                            
00011ff1  I2C_routine                                           
00011cbb  I2C_setslave                                          
00011c55  I2C_write16                                           
00013c11  IntEnable                                             
000144c3  IntMasterEnable                                       
00014219  IntRegister                                           
00013615  OPT3001_getLux                                        
000135c5  OPT3001_init                                          
000135f1  OPT3001_readConfigReg                                 
000135e5  OPT3001_readDeviceId                                  
00013609  OPT3001_readHighLimitReg                              
000135fd  OPT3001_readLowLimitReg                               
000135d9  OPT3001_readManufacturerId                            
20001e17  Opt_OK                                                
200022c4  Pin                                                   
200022d4  Puerto                                                
20001df4  RELOJ                                                 
00014507  ResetISR                                              
2000221c  Rumbo                                                 
0001200d  SPI_routine                                           
200022a8  Sensor_OK                                             
2000225c  Step                                                  
00012401  SysCtlClockFreqSet                                    
00014569  SysCtlDelay                                           
0001424d  SysCtlPeripheralEnable                                
000141a9  SysCtlPeripheralPresent                               
00011b69  Test_I2C_Dir                                          
00010203  Timer0IntHandler                                      
0001456f  TimerClockSourceSet                                   
00013d45  TimerConfigure                                        
000144d3  TimerEnable                                           
00014581  TimerIntClear                                         
0001454b  TimerIntEnable                                        
000143bb  TimerIntRegister                                      
0001449f  TimerLoadSet                                          
00010215  TimerStepper                                          
20001e18  Tmp_OK                                                
0001451d  UARTCharGet                                           
00014527  UARTCharPut                                           
0001405d  UARTConfigSetExpClk                                   
0001430d  UARTDisable                                           
0001442f  UARTEnable                                            
0000f611  UARTStdioConfig                                       
0000f757  UARTgetc                                              
0000f69d  UARTgets                                              
0000fa77  UARTprintf                                            
0000f77d  UARTvprintf                                           
0000f657  UARTwrite                                             
200022e4  V_bmm150_maual_auto_condition_u8                      
200022e8  V_fifo_time_U32                                       
20001270  __STACK_END                                           
00001000  __STACK_SIZE                                          
20000470  __STACK_TOP                                           
00015be0  __TI_CINIT_Base                                       
00015bf8  __TI_CINIT_Limit                                      
00015bc0  __TI_Handler_Table_Base                               
00015bcc  __TI_Handler_Table_Limit                              
000140a5  __TI_auto_init_nobinit_nopinit                        
00013c79  __TI_decompress_lzss                                  
000144e1  __TI_decompress_none                                  
ffffffff  __TI_pprof_out_hndl                                   
00011015  __TI_printfi                                          
ffffffff  __TI_prof_data_size                                   
ffffffff  __TI_prof_data_start                                  
00000000  __TI_static_base__                                    
000144fb  __TI_zero_init                                        
00013941  __aeabi_cdcmpeq                                       
00013941  __aeabi_cdcmple                                       
000139c7  __aeabi_cdrcmple                                      
00013b35  __aeabi_d2f                                           
00014015  __aeabi_d2iz                                          
000129db  __aeabi_dadd                                          
00012e15  __aeabi_ddiv                                          
000133d1  __aeabi_dmul                                          
000129d1  __aeabi_dsub                                          
00014555  __aeabi_errno_addr                                    
000141e1  __aeabi_f2d                                           
000142b5  __aeabi_i2d                                           
00011a63  __aeabi_idiv0                                         
00011a63  __aeabi_ldiv0                                         
00013ba3  __aeabi_ldivmod                                       
000143eb  __aeabi_lmul                                          
00013a4d  __aeabi_memclr                                        
00013a4d  __aeabi_memclr4                                       
00013a4d  __aeabi_memclr8                                       
0001380f  __aeabi_memcpy                                        
0001380f  __aeabi_memcpy4                                       
0001380f  __aeabi_memcpy8                                       
00013a4f  __aeabi_memset                                        
00013a4f  __aeabi_memset4                                       
00013a4f  __aeabi_memset8                                       
0001434d  __aeabi_ui2d                                          
000140e9  __aeabi_uidiv                                         
000140e9  __aeabi_uidivmod                                      
000138ab  __aeabi_uldivmod                                      
ffffffff  __binit__                                             
ffffffff  __c_args__                                            
UNDEFED   __mpu_init                                            
20000270  __stack                                               
00014281  _c_int00_noargs                                       
00015740  _ctypes_                                              
UNDEFED   _system_post_cinit                                    
00014585  _system_pre_init                                      
00014589  abort                                                 
20001270  accel_fifo                                            
20001de0  accelxyz                                              
20001df8  angulo                                                
00012b89  atanf                                                 
00013f39  atoi                                                  
ffffffff  binit                                                 
20001d74  bme280                                                
0000f165  bme280_compensate_humidity_double                     
0000db27  bme280_compensate_humidity_int32                      
0000dbdd  bme280_compensate_humidity_int32_sixteen_bit_output   
0000eec9  bme280_compensate_pressure_double                     
0000d9a1  bme280_compensate_pressure_int32                      
0000f36d  bme280_compensate_pressure_int64                      
0000f575  bme280_compensate_pressure_int64_twentyfour_bit_output
0000ed65  bme280_compensate_temperature_double                  
0000d89f  bme280_compensate_temperature_int32                   
0000d917  bme280_compensate_temperature_int32_sixteen_bit_output
0000f58f  bme280_compute_wait_time                              
00011f05  bme280_data_readout_template                          
0000dcf7  bme280_get_calib_param                                
0000e7b7  bme280_get_filter                                     
0000eb1b  bme280_get_forced_uncomp_pressure_temperature_humidity
0000e213  bme280_get_oversamp_humidity                          
0000e05b  bme280_get_oversamp_pressure                          
0000de99  bme280_get_oversamp_temperature                       
0000e401  bme280_get_power_mode                                 
0000e609  bme280_get_spi3                                       
0000e96b  bme280_get_standby_durn                               
0000d7e9  bme280_init                                           
0000dc97  bme280_read_pressure_temperature_humidity             
0000ed1f  bme280_read_register                                  
0000dad1  bme280_read_uncomp_humidity                           
0000d941  bme280_read_uncomp_pressure                           
0000dc05  bme280_read_uncomp_pressure_temperature_humidity      
0000d83f  bme280_read_uncomp_temperature                        
0000e807  bme280_set_filter                                     
0000e26d  bme280_set_oversamp_humidity                          
0000e0b7  bme280_set_oversamp_pressure                          
0000def5  bme280_set_oversamp_temperature                       
0000e44f  bme280_set_power_mode                                 
0000e5c9  bme280_set_soft_rst                                   
0000e657  bme280_set_spi3                                       
0000e9bb  bme280_set_standby_durn                               
0000ecd9  bme280_write_register                                 
00007635  bmi160_accel_foc_trigger_xyz                          
0000ad35  bmi160_bmm150_mag_compensate_X                        
0000addf  bmi160_bmm150_mag_compensate_Y                        
0000ae89  bmi160_bmm150_mag_compensate_Z                        
0000acd9  bmi160_bmm150_mag_compensate_xyz                      
0000af29  bmi160_bmm150_mag_interface_init                      
0000b3cb  bmi160_bmm150_mag_set_power_mode                      
0000b1d5  bmi160_bmm150_mag_wakeup                              
0000c131  bmi160_bst_akm_compensate_X                           
0000c163  bmi160_bst_akm_compensate_Y                           
0000c195  bmi160_bst_akm_compensate_Z                           
0000c1c7  bmi160_bst_akm_compensate_xyz                         
0000bd29  bmi160_bst_akm_mag_interface_init                     
0000c215  bmi160_bst_akm_set_powermode                          
0000cbc5  bmi160_bst_yamaha_yas532_calib_values                 
0000c59f  bmi160_bst_yamaha_yas532_mag_interface_init           
0000d605  bmi160_bst_yas532_acquisition_command_register        
0000ca35  bmi160_bst_yas532_magnetic_measure_set_offset         
0000d18d  bmi160_bst_yas532_measurement_xyz_data                
0000d019  bmi160_bst_yas532_normal_measurement_data             
0000c8d5  bmi160_bst_yas532_set_initial_values                  
0000d6c9  bmi160_bst_yas532_set_offset                          
0000cf7d  bmi160_bst_yas532_xy1y2_to_linear                     
000096e5  bmi160_clear_step_counter                             
0001040d  bmi160_config_running_mode                            
00010fd1  bmi160_delay_ms                                       
00001929  bmi160_fifo_data                                      
000018c9  bmi160_fifo_length                                    
00001a41  bmi160_get_accel_bw                                   
00000f45  bmi160_get_accel_data_rdy                             
0000231b  bmi160_get_accel_fifo_filter_data                     
000087cf  bmi160_get_accel_offset_compensation_xaxis            
000088b5  bmi160_get_accel_offset_compensation_yaxis            
0000899f  bmi160_get_accel_offset_compensation_zaxis            
00008fff  bmi160_get_accel_offset_enable                        
00001963  bmi160_get_accel_output_data_rate                     
000005a5  bmi160_get_accel_power_mode_stat                      
00001bfd  bmi160_get_accel_range                                
000083c1  bmi160_get_accel_selftest_amp                         
0000820b  bmi160_get_accel_selftest_axis                        
000082e3  bmi160_get_accel_selftest_sign                        
00001b23  bmi160_get_accel_under_sampling_parameter             
00000ea9  bmi160_get_data_rdy_mag                               
000003d9  bmi160_get_drop_cmd_err                               
0000033d  bmi160_get_err_code                                   
00000475  bmi160_get_error_status                               
000002f1  bmi160_get_fatal_err                                  
000029c9  bmi160_get_fifo_accel_enable                          
00002253  bmi160_get_fifo_down_accel                            
000020ab  bmi160_get_fifo_down_gyro                             
00002aa9  bmi160_get_fifo_gyro_enable                           
00002815  bmi160_get_fifo_header_enable                         
000028ef  bmi160_get_fifo_mag_enable                            
00002483  bmi160_get_fifo_stop_on_full                          
00002723  bmi160_get_fifo_tag_intr1_enable                      
00002635  bmi160_get_fifo_tag_intr2_enable                      
0000255b  bmi160_get_fifo_time_enable                           
000023f5  bmi160_get_fifo_wm                                    
000071ff  bmi160_get_foc_accel_x                                
00007125  bmi160_get_foc_accel_y                                
0000705f  bmi160_get_foc_accel_z                                
0000787f  bmi160_get_foc_gyro_enable                            
00000e09  bmi160_get_foc_rdy                                    
00001e09  bmi160_get_gyro_bw                                    
00000ef7  bmi160_get_gyro_data_rdy                              
00002179  bmi160_get_gyro_fifo_filter_data                      
00008a85  bmi160_get_gyro_offset_compensation_xaxis             
00008c55  bmi160_get_gyro_offset_compensation_yaxis             
00008e2d  bmi160_get_gyro_offset_compensation_zaxis             
000090cf  bmi160_get_gyro_offset_enable                         
00001ced  bmi160_get_gyro_output_data_rate                      
00000557  bmi160_get_gyro_power_mode_stat                       
00001ee3  bmi160_get_gyro_range                                 
00000d6d  bmi160_get_gyro_selftest                              
0000849b  bmi160_get_gyro_selftest_start                        
00008057  bmi160_get_gyro_sleep_state                           
00007e9f  bmi160_get_gyro_sleep_trigger                         
00008131  bmi160_get_gyro_wakeup_intr                           
00007f77  bmi160_get_gyro_wakeup_trigger                        
00002b83  bmi160_get_i2c_device_addr                            
0000038b  bmi160_get_i2c_fail_err                               
00007ceb  bmi160_get_i2c_wdt_enable                             
00007c0b  bmi160_get_i2c_wdt_select                             
00007dc5  bmi160_get_if_mode                                    
00004317  bmi160_get_input_enable                               
00004811  bmi160_get_intr_any_motion                            
00005ee3  bmi160_get_intr_any_motion_durn                       
00006077  bmi160_get_intr_any_motion_thres                      
0000563d  bmi160_get_intr_data_rdy                              
00004b55  bmi160_get_intr_double_tap                            
00003c09  bmi160_get_intr_edge_ctrl                             
00003047  bmi160_get_intr_enable_0                              
000034b7  bmi160_get_intr_enable_1                              
0000391f  bmi160_get_intr_enable_2                              
00005321  bmi160_get_intr_fifo_full                             
000054ad  bmi160_get_intr_fifo_wm                               
00005005  bmi160_get_intr_flat                                  
00006ea7  bmi160_get_intr_flat_hold                             
00006f87  bmi160_get_intr_flat_hyst                             
00006dcf  bmi160_get_intr_flat_theta                            
00004685  bmi160_get_intr_high_g                                
00005dd7  bmi160_get_intr_high_g_durn                           
00005d0f  bmi160_get_intr_high_g_hyst                           
00005e5d  bmi160_get_intr_high_g_thres                          
00003d91  bmi160_get_intr_level                                 
000044a3  bmi160_get_intr_low_g                                 
00005a5b  bmi160_get_intr_low_g_durn                            
00005b67  bmi160_get_intr_low_g_hyst                            
00005c35  bmi160_get_intr_low_g_mode                            
00005ae1  bmi160_get_intr_low_g_thres                           
000058a3  bmi160_get_intr_low_high_source                       
00005981  bmi160_get_intr_motion_source                         
000049c9  bmi160_get_intr_nomotion                              
00004e73  bmi160_get_intr_orient                                
00006cf5  bmi160_get_intr_orient_axes_enable                    
0000699d  bmi160_get_intr_orient_blocking                       
00006a77  bmi160_get_intr_orient_hyst                           
000068bf  bmi160_get_intr_orient_mode                           
00006b3f  bmi160_get_intr_orient_theta                          
00006c17  bmi160_get_intr_orient_ud_enable                      
00003f23  bmi160_get_intr_output_type                           
00005191  bmi160_get_intr_pmu_trig                              
00006415  bmi160_get_intr_significant_motion_proof              
00006261  bmi160_get_intr_significant_motion_select             
0000633b  bmi160_get_intr_significant_motion_skip               
00004ce7  bmi160_get_intr_single_tap                            
00005faf  bmi160_get_intr_slow_no_motion_durn                   
00006183  bmi160_get_intr_slow_no_motion_select                 
000060fd  bmi160_get_intr_slow_no_motion_thres                  
000064ef  bmi160_get_intr_tap_durn                              
0000671f  bmi160_get_intr_tap_quiet                             
00006645  bmi160_get_intr_tap_shock                             
000057c9  bmi160_get_intr_tap_source                            
000067f9  bmi160_get_intr_tap_thres                             
0000423f  bmi160_get_latch_intr                                 
00002c4b  bmi160_get_mag_burst                                  
00000427  bmi160_get_mag_dada_rdy_err                           
00002ddd  bmi160_get_mag_manual_enable                          
00000dbb  bmi160_get_mag_manual_operation_stat                  
00002d11  bmi160_get_mag_offset                                 
00001fbb  bmi160_get_mag_output_data_rate                       
00000505  bmi160_get_mag_power_mode_stat                        
00002eb5  bmi160_get_mag_read_addr                              
00002f3b  bmi160_get_mag_write_addr                             
00002fc1  bmi160_get_mag_write_data                             
00008707  bmi160_get_nvm_counter                                
00007a59  bmi160_get_nvm_prog_enable                            
00000e57  bmi160_get_nvm_rdy                                    
000040af  bmi160_get_output_enable                              
00009825  bmi160_get_paging_enable                              
0000d7cf  bmi160_get_ptr                                        
000098ff  bmi160_get_pullup_configuration                       
00000d11  bmi160_get_sensor_time                                
0000863b  bmi160_get_spare0_trim                                
00007b33  bmi160_get_spi3                                       
00008575  bmi160_get_spi_enable                                 
0000102d  bmi160_get_stat0_any_motion_intr                      
000010c9  bmi160_get_stat0_double_tap_intr                      
000011b9  bmi160_get_stat0_flat_intr                            
00001165  bmi160_get_stat0_orient_intr                          
0000107b  bmi160_get_stat0_pmu_trigger_intr                     
00000fdf  bmi160_get_stat0_significant_intr                     
00001117  bmi160_get_stat0_single_tap_intr                      
00000f93  bmi160_get_stat0_step_intr                            
000012a3  bmi160_get_stat1_data_rdy_intr                        
000012f1  bmi160_get_stat1_fifo_full_intr                       
0000133f  bmi160_get_stat1_fifo_wm_intr                         
00001207  bmi160_get_stat1_high_g_intr                          
00001255  bmi160_get_stat1_low_g_intr                           
0000138d  bmi160_get_stat1_nomotion_intr                        
000013db  bmi160_get_stat2_any_motion_first_x                   
00001427  bmi160_get_stat2_any_motion_first_y                   
00001475  bmi160_get_stat2_any_motion_first_z                   
000014c9  bmi160_get_stat2_any_motion_sign                      
00001517  bmi160_get_stat2_tap_first_x                          
00001565  bmi160_get_stat2_tap_first_y                          
000015b3  bmi160_get_stat2_tap_first_z                          
00001601  bmi160_get_stat2_tap_sign                             
00001827  bmi160_get_stat3_flat                                 
0000164f  bmi160_get_stat3_high_g_first_x                       
0000169b  bmi160_get_stat3_high_g_first_y                       
000016e9  bmi160_get_stat3_high_g_first_z                       
00001737  bmi160_get_stat3_high_g_sign                          
00001785  bmi160_get_stat3_orient_xy                            
000017d9  bmi160_get_stat3_orient_z                             
000091eb  bmi160_get_step_config                                
000093bd  bmi160_get_step_counter_enable                        
00003b39  bmi160_get_step_detector_enable                       
0000974b  bmi160_get_target_page                                
00001875  bmi160_get_temp                                       
00010f33  bmi160_i2c_burst_read                                 
00010f07  bmi160_i2c_bus_read                                   
00010f69  bmi160_i2c_bus_write                                  
00000209  bmi160_init                                           
000103d1  bmi160_initialize_sensor                              
00010e55  bmi160_interrupt_configuration                        
00009515  bmi160_map_significant_motion_intr                    
000095fd  bmi160_map_step_detector_intr                         
00000ba1  bmi160_read_accel_x                                   
00000c9d  bmi160_read_accel_xyz                                 
00000bf5  bmi160_read_accel_y                                   
00000c49  bmi160_read_accel_z                                   
0000b885  bmi160_read_bmm150_mag_trim                           
0000c049  bmi160_read_bst_akm_sensitivity_data                  
000099dd  bmi160_read_fifo_header_data                          
0000a3ad  bmi160_read_fifo_headerless_mode                      
00000a2d  bmi160_read_gyro_x                                    
00000b29  bmi160_read_gyro_xyz                                  
00000a81  bmi160_read_gyro_y                                    
00000ad5  bmi160_read_gyro_z                                    
000007fd  bmi160_read_mag_r                                     
000005f3  bmi160_read_mag_x                                     
00000867  bmi160_read_mag_xyz                                   
00000971  bmi160_read_mag_xyzr                                  
000006a1  bmi160_read_mag_y                                     
0000074f  bmi160_read_mag_z                                     
000002ad  bmi160_read_reg                                       
00009197  bmi160_read_step_count                                
00001a8f  bmi160_set_accel_bw                                   
00002369  bmi160_set_accel_fifo_filter_data                     
000072dd  bmi160_set_accel_foc_trigger                          
0000881b  bmi160_set_accel_offset_compensation_xaxis            
00008901  bmi160_set_accel_offset_compensation_yaxis            
000089eb  bmi160_set_accel_offset_compensation_zaxis            
0000904d  bmi160_set_accel_offset_enable                        
000019af  bmi160_set_accel_output_data_rate                     
00001c49  bmi160_set_accel_range                                
0000840f  bmi160_set_accel_selftest_amp                         
00008257  bmi160_set_accel_selftest_axis                        
00008335  bmi160_set_accel_selftest_sign                        
00001b71  bmi160_set_accel_under_sampling_parameter             
0000b2a5  bmi160_set_bmm150_mag_and_secondary_if_power_mode     
0000b529  bmi160_set_bmm150_mag_presetmode                      
0000c439  bmi160_set_bst_akm_and_secondary_if_powermode         
00009711  bmi160_set_command_register                           
00002a17  bmi160_set_fifo_accel_enable                          
000022a1  bmi160_set_fifo_down_accel                            
000020f7  bmi160_set_fifo_down_gyro                             
00002af7  bmi160_set_fifo_gyro_enable                           
00002863  bmi160_set_fifo_header_enable                         
0000293d  bmi160_set_fifo_mag_enable                            
000024cf  bmi160_set_fifo_stop_on_full                          
00002775  bmi160_set_fifo_tag_intr1_enable                      
00002683  bmi160_set_fifo_tag_intr2_enable                      
000025a9  bmi160_set_fifo_time_enable                           
00002449  bmi160_set_fifo_wm                                    
0000724d  bmi160_set_foc_accel_x                                
00007173  bmi160_set_foc_accel_y                                
000070ab  bmi160_set_foc_accel_z                                
000078cd  bmi160_set_foc_gyro_enable                            
00001e57  bmi160_set_gyro_bw                                    
000021c7  bmi160_set_gyro_fifo_filter_data                      
00008b39  bmi160_set_gyro_offset_compensation_xaxis             
00008d11  bmi160_set_gyro_offset_compensation_yaxis             
00008ee3  bmi160_set_gyro_offset_compensation_zaxis             
0000911d  bmi160_set_gyro_offset_enable                         
00001d39  bmi160_set_gyro_output_data_rate                      
00001f2f  bmi160_set_gyro_range                                 
000084e9  bmi160_set_gyro_selftest_start                        
000080a5  bmi160_set_gyro_sleep_state                           
00007eeb  bmi160_set_gyro_sleep_trigger                         
0000817f  bmi160_set_gyro_wakeup_intr                           
00007fc5  bmi160_set_gyro_wakeup_trigger                        
00002bd1  bmi160_set_i2c_device_addr                            
00007d39  bmi160_set_i2c_wdt_enable                             
00007c59  bmi160_set_i2c_wdt_select                             
00007e13  bmi160_set_if_mode                                    
000043b1  bmi160_set_input_enable                               
000048ab  bmi160_set_intr_any_motion                            
00005f2f  bmi160_set_intr_any_motion_durn                       
000060c3  bmi160_set_intr_any_motion_thres                      
000056d7  bmi160_set_intr_data_rdy                              
00004bef  bmi160_set_intr_double_tap                            
00003c9f  bmi160_set_intr_edge_ctrl                             
000031dd  bmi160_set_intr_enable_0                              
00003645  bmi160_set_intr_enable_1                              
000039e7  bmi160_set_intr_enable_2                              
000053bb  bmi160_set_intr_fifo_full                             
00005547  bmi160_set_intr_fifo_wm                               
0000509f  bmi160_set_intr_flat                                  
00006ef5  bmi160_set_intr_flat_hold                             
00006fd3  bmi160_set_intr_flat_hyst                             
00006e1b  bmi160_set_intr_flat_theta                            
0000471f  bmi160_set_intr_high_g                                
00005e23  bmi160_set_intr_high_g_durn                           
00005d5d  bmi160_set_intr_high_g_hyst                           
00005ea9  bmi160_set_intr_high_g_thres                          
00003e2b  bmi160_set_intr_level                                 
00004537  bmi160_set_intr_low_g                                 
00005aa7  bmi160_set_intr_low_g_durn                            
00005bb3  bmi160_set_intr_low_g_hyst                            
00005c83  bmi160_set_intr_low_g_mode                            
00005b2d  bmi160_set_intr_low_g_thres                           
000058f5  bmi160_set_intr_low_high_source                       
000059cf  bmi160_set_intr_motion_source                         
00004a63  bmi160_set_intr_nomotion                              
00004f0d  bmi160_set_intr_orient                                
00006d43  bmi160_set_intr_orient_axes_enable                    
000069eb  bmi160_set_intr_orient_blocking                       
00006ac5  bmi160_set_intr_orient_hyst                           
00006911  bmi160_set_intr_orient_mode                           
00006b8b  bmi160_set_intr_orient_theta                          
00006c69  bmi160_set_intr_orient_ud_enable                      
00003fbd  bmi160_set_intr_output_type                           
00005227  bmi160_set_intr_pmu_trig                              
00006463  bmi160_set_intr_significant_motion_proof              
000062af  bmi160_set_intr_significant_motion_select             
00006389  bmi160_set_intr_significant_motion_skip               
00004d81  bmi160_set_intr_single_tap                            
00005ffd  bmi160_set_intr_slow_no_motion_durn                   
000061cf  bmi160_set_intr_slow_no_motion_select                 
00006149  bmi160_set_intr_slow_no_motion_thres                  
0000653b  bmi160_set_intr_tap_durn                              
0000676d  bmi160_set_intr_tap_quiet                             
00006693  bmi160_set_intr_tap_shock                             
00005817  bmi160_set_intr_tap_source                            
00006845  bmi160_set_intr_tap_thres                             
0000428b  bmi160_set_latch_intr                                 
00002c97  bmi160_set_mag_burst                                  
00002e2b  bmi160_set_mag_manual_enable                          
00002d5f  bmi160_set_mag_offset                                 
00002007  bmi160_set_mag_output_data_rate                       
00002f01  bmi160_set_mag_read_addr                              
00002f87  bmi160_set_mag_write_addr                             
0000300d  bmi160_set_mag_write_data                             
00008755  bmi160_set_nvm_counter                                
00007aa7  bmi160_set_nvm_prog_enable                            
00004149  bmi160_set_output_enable                              
00009873  bmi160_set_paging_enable                              
0000994d  bmi160_set_pullup_configuration                       
0000868d  bmi160_set_spare0_trim                                
00007b7f  bmi160_set_spi3                                       
000085c1  bmi160_set_spi_enable                                 
000092a9  bmi160_set_step_config                                
0000940b  bmi160_set_step_counter_enable                        
00003b8f  bmi160_set_step_detector_enable                       
00009497  bmi160_set_step_mode                                  
00009799  bmi160_set_target_page                                
00010f95  bmi160_spi_bus_read                                   
00010fb3  bmi160_spi_bus_write                                  
00000269  bmi160_write_reg                                      
00014389  copysign                                              
00014389  copysignl                                             
20001dfc  direccion                                             
200022ec  errno                                                 
00012601  exp2                                                  
00012601  exp2l                                                 
000134cd  floor                                                 
000134cd  floorl                                                
00013ce1  frexp                                                 
00013ce1  frexpl                                                
20000000  g_pfnRAMVectors                                       
00000000  g_pfnVectors                                          
20001e00  grados                                                
200015dc  gyro_fifo                                             
20001de6  gyroxyz                                               
00010ecf  i2c_routine                                           
000132c1  ldexp                                                 
000132c1  ldexpl                                                
00013dfb  ltoa                                                  
20001948  mag_fifo                                              
0000faad  main                                                  
0001436d  memccpy                                               
0001380f  memcpy                                                
00013a55  memset                                                
200022b4  mov                                                   
20001e04  p_bme280                                              
200022ac  pi                                                    
20001e08  placa                                                 
200022b0  posicion                                              
00011de1  readI2C                                               
20001e0c  referencia                                            
0001369d  round                                                 
0001369d  roundl                                                
20001db0  s_bmi160                                              
20001dd4  s_magcompXYZ                                          
000132c1  scalbn                                                
000132c1  scalbnl                                               
200022b8  secuencia                                             
0001326d  sensorTmp007Convert                                   
0001324b  sensorTmp007DevID                                     
000131ab  sensorTmp007Enable                                    
000131a1  sensorTmp007Init                                      
00013259  sensorTmp007REG                                       
000131eb  sensorTmp007Read                                      
200022bc  sentido                                               
00010ef1  spi_routine                                           
00014129  sprintf                                               
00014419  strchr                                                
20001d24  string                                                
00014443  strlen                                                
20001e1c  v_fifo_data_u8                                        
000144b1  wcslen                                                
00011cdd  writeI2C                                              


GLOBAL SYMBOLS: SORTED BY Symbol Address 

address   name                                                  
-------   ----                                                  
00000000  __TI_static_base__                                    
00000000  g_pfnVectors                                          
00000209  bmi160_init                                           
00000269  bmi160_write_reg                                      
000002ad  bmi160_read_reg                                       
000002f1  bmi160_get_fatal_err                                  
0000033d  bmi160_get_err_code                                   
0000038b  bmi160_get_i2c_fail_err                               
000003d9  bmi160_get_drop_cmd_err                               
00000427  bmi160_get_mag_dada_rdy_err                           
00000475  bmi160_get_error_status                               
00000505  bmi160_get_mag_power_mode_stat                        
00000557  bmi160_get_gyro_power_mode_stat                       
000005a5  bmi160_get_accel_power_mode_stat                      
000005f3  bmi160_read_mag_x                                     
000006a1  bmi160_read_mag_y                                     
0000074f  bmi160_read_mag_z                                     
000007fd  bmi160_read_mag_r                                     
00000867  bmi160_read_mag_xyz                                   
00000971  bmi160_read_mag_xyzr                                  
00000a2d  bmi160_read_gyro_x                                    
00000a81  bmi160_read_gyro_y                                    
00000ad5  bmi160_read_gyro_z                                    
00000b29  bmi160_read_gyro_xyz                                  
00000ba1  bmi160_read_accel_x                                   
00000bf5  bmi160_read_accel_y                                   
00000c49  bmi160_read_accel_z                                   
00000c9d  bmi160_read_accel_xyz                                 
00000d11  bmi160_get_sensor_time                                
00000d6d  bmi160_get_gyro_selftest                              
00000dbb  bmi160_get_mag_manual_operation_stat                  
00000e09  bmi160_get_foc_rdy                                    
00000e57  bmi160_get_nvm_rdy                                    
00000ea9  bmi160_get_data_rdy_mag                               
00000ef7  bmi160_get_gyro_data_rdy                              
00000f45  bmi160_get_accel_data_rdy                             
00000f93  bmi160_get_stat0_step_intr                            
00000fdf  bmi160_get_stat0_significant_intr                     
00001000  __STACK_SIZE                                          
0000102d  bmi160_get_stat0_any_motion_intr                      
0000107b  bmi160_get_stat0_pmu_trigger_intr                     
000010c9  bmi160_get_stat0_double_tap_intr                      
00001117  bmi160_get_stat0_single_tap_intr                      
00001165  bmi160_get_stat0_orient_intr                          
000011b9  bmi160_get_stat0_flat_intr                            
00001207  bmi160_get_stat1_high_g_intr                          
00001255  bmi160_get_stat1_low_g_intr                           
000012a3  bmi160_get_stat1_data_rdy_intr                        
000012f1  bmi160_get_stat1_fifo_full_intr                       
0000133f  bmi160_get_stat1_fifo_wm_intr                         
0000138d  bmi160_get_stat1_nomotion_intr                        
000013db  bmi160_get_stat2_any_motion_first_x                   
00001427  bmi160_get_stat2_any_motion_first_y                   
00001475  bmi160_get_stat2_any_motion_first_z                   
000014c9  bmi160_get_stat2_any_motion_sign                      
00001517  bmi160_get_stat2_tap_first_x                          
00001565  bmi160_get_stat2_tap_first_y                          
000015b3  bmi160_get_stat2_tap_first_z                          
00001601  bmi160_get_stat2_tap_sign                             
0000164f  bmi160_get_stat3_high_g_first_x                       
0000169b  bmi160_get_stat3_high_g_first_y                       
000016e9  bmi160_get_stat3_high_g_first_z                       
00001737  bmi160_get_stat3_high_g_sign                          
00001785  bmi160_get_stat3_orient_xy                            
000017d9  bmi160_get_stat3_orient_z                             
00001827  bmi160_get_stat3_flat                                 
00001875  bmi160_get_temp                                       
000018c9  bmi160_fifo_length                                    
00001929  bmi160_fifo_data                                      
00001963  bmi160_get_accel_output_data_rate                     
000019af  bmi160_set_accel_output_data_rate                     
00001a41  bmi160_get_accel_bw                                   
00001a8f  bmi160_set_accel_bw                                   
00001b23  bmi160_get_accel_under_sampling_parameter             
00001b71  bmi160_set_accel_under_sampling_parameter             
00001bfd  bmi160_get_accel_range                                
00001c49  bmi160_set_accel_range                                
00001ced  bmi160_get_gyro_output_data_rate                      
00001d39  bmi160_set_gyro_output_data_rate                      
00001e09  bmi160_get_gyro_bw                                    
00001e57  bmi160_set_gyro_bw                                    
00001ee3  bmi160_get_gyro_range                                 
00001f2f  bmi160_set_gyro_range                                 
00001fbb  bmi160_get_mag_output_data_rate                       
00002007  bmi160_set_mag_output_data_rate                       
000020ab  bmi160_get_fifo_down_gyro                             
000020f7  bmi160_set_fifo_down_gyro                             
00002179  bmi160_get_gyro_fifo_filter_data                      
000021c7  bmi160_set_gyro_fifo_filter_data                      
00002253  bmi160_get_fifo_down_accel                            
000022a1  bmi160_set_fifo_down_accel                            
0000231b  bmi160_get_accel_fifo_filter_data                     
00002369  bmi160_set_accel_fifo_filter_data                     
000023f5  bmi160_get_fifo_wm                                    
00002449  bmi160_set_fifo_wm                                    
00002483  bmi160_get_fifo_stop_on_full                          
000024cf  bmi160_set_fifo_stop_on_full                          
0000255b  bmi160_get_fifo_time_enable                           
000025a9  bmi160_set_fifo_time_enable                           
00002635  bmi160_get_fifo_tag_intr2_enable                      
00002683  bmi160_set_fifo_tag_intr2_enable                      
00002723  bmi160_get_fifo_tag_intr1_enable                      
00002775  bmi160_set_fifo_tag_intr1_enable                      
00002815  bmi160_get_fifo_header_enable                         
00002863  bmi160_set_fifo_header_enable                         
000028ef  bmi160_get_fifo_mag_enable                            
0000293d  bmi160_set_fifo_mag_enable                            
000029c9  bmi160_get_fifo_accel_enable                          
00002a17  bmi160_set_fifo_accel_enable                          
00002aa9  bmi160_get_fifo_gyro_enable                           
00002af7  bmi160_set_fifo_gyro_enable                           
00002b83  bmi160_get_i2c_device_addr                            
00002bd1  bmi160_set_i2c_device_addr                            
00002c4b  bmi160_get_mag_burst                                  
00002c97  bmi160_set_mag_burst                                  
00002d11  bmi160_get_mag_offset                                 
00002d5f  bmi160_set_mag_offset                                 
00002ddd  bmi160_get_mag_manual_enable                          
00002e2b  bmi160_set_mag_manual_enable                          
00002eb5  bmi160_get_mag_read_addr                              
00002f01  bmi160_set_mag_read_addr                              
00002f3b  bmi160_get_mag_write_addr                             
00002f87  bmi160_set_mag_write_addr                             
00002fc1  bmi160_get_mag_write_data                             
0000300d  bmi160_set_mag_write_data                             
00003047  bmi160_get_intr_enable_0                              
000031dd  bmi160_set_intr_enable_0                              
000034b7  bmi160_get_intr_enable_1                              
00003645  bmi160_set_intr_enable_1                              
0000391f  bmi160_get_intr_enable_2                              
000039e7  bmi160_set_intr_enable_2                              
00003b39  bmi160_get_step_detector_enable                       
00003b8f  bmi160_set_step_detector_enable                       
00003c09  bmi160_get_intr_edge_ctrl                             
00003c9f  bmi160_set_intr_edge_ctrl                             
00003d91  bmi160_get_intr_level                                 
00003e2b  bmi160_set_intr_level                                 
00003f23  bmi160_get_intr_output_type                           
00003fbd  bmi160_set_intr_output_type                           
000040af  bmi160_get_output_enable                              
00004149  bmi160_set_output_enable                              
0000423f  bmi160_get_latch_intr                                 
0000428b  bmi160_set_latch_intr                                 
00004317  bmi160_get_input_enable                               
000043b1  bmi160_set_input_enable                               
000044a3  bmi160_get_intr_low_g                                 
00004537  bmi160_set_intr_low_g                                 
00004685  bmi160_get_intr_high_g                                
0000471f  bmi160_set_intr_high_g                                
00004811  bmi160_get_intr_any_motion                            
000048ab  bmi160_set_intr_any_motion                            
000049c9  bmi160_get_intr_nomotion                              
00004a63  bmi160_set_intr_nomotion                              
00004b55  bmi160_get_intr_double_tap                            
00004bef  bmi160_set_intr_double_tap                            
00004ce7  bmi160_get_intr_single_tap                            
00004d81  bmi160_set_intr_single_tap                            
00004e73  bmi160_get_intr_orient                                
00004f0d  bmi160_set_intr_orient                                
00005005  bmi160_get_intr_flat                                  
0000509f  bmi160_set_intr_flat                                  
00005191  bmi160_get_intr_pmu_trig                              
00005227  bmi160_set_intr_pmu_trig                              
00005321  bmi160_get_intr_fifo_full                             
000053bb  bmi160_set_intr_fifo_full                             
000054ad  bmi160_get_intr_fifo_wm                               
00005547  bmi160_set_intr_fifo_wm                               
0000563d  bmi160_get_intr_data_rdy                              
000056d7  bmi160_set_intr_data_rdy                              
000057c9  bmi160_get_intr_tap_source                            
00005817  bmi160_set_intr_tap_source                            
000058a3  bmi160_get_intr_low_high_source                       
000058f5  bmi160_set_intr_low_high_source                       
00005981  bmi160_get_intr_motion_source                         
000059cf  bmi160_set_intr_motion_source                         
00005a5b  bmi160_get_intr_low_g_durn                            
00005aa7  bmi160_set_intr_low_g_durn                            
00005ae1  bmi160_get_intr_low_g_thres                           
00005b2d  bmi160_set_intr_low_g_thres                           
00005b67  bmi160_get_intr_low_g_hyst                            
00005bb3  bmi160_set_intr_low_g_hyst                            
00005c35  bmi160_get_intr_low_g_mode                            
00005c83  bmi160_set_intr_low_g_mode                            
00005d0f  bmi160_get_intr_high_g_hyst                           
00005d5d  bmi160_set_intr_high_g_hyst                           
00005dd7  bmi160_get_intr_high_g_durn                           
00005e23  bmi160_set_intr_high_g_durn                           
00005e5d  bmi160_get_intr_high_g_thres                          
00005ea9  bmi160_set_intr_high_g_thres                          
00005ee3  bmi160_get_intr_any_motion_durn                       
00005f2f  bmi160_set_intr_any_motion_durn                       
00005faf  bmi160_get_intr_slow_no_motion_durn                   
00005ffd  bmi160_set_intr_slow_no_motion_durn                   
00006077  bmi160_get_intr_any_motion_thres                      
000060c3  bmi160_set_intr_any_motion_thres                      
000060fd  bmi160_get_intr_slow_no_motion_thres                  
00006149  bmi160_set_intr_slow_no_motion_thres                  
00006183  bmi160_get_intr_slow_no_motion_select                 
000061cf  bmi160_set_intr_slow_no_motion_select                 
00006261  bmi160_get_intr_significant_motion_select             
000062af  bmi160_set_intr_significant_motion_select             
0000633b  bmi160_get_intr_significant_motion_skip               
00006389  bmi160_set_intr_significant_motion_skip               
00006415  bmi160_get_intr_significant_motion_proof              
00006463  bmi160_set_intr_significant_motion_proof              
000064ef  bmi160_get_intr_tap_durn                              
0000653b  bmi160_set_intr_tap_durn                              
00006645  bmi160_get_intr_tap_shock                             
00006693  bmi160_set_intr_tap_shock                             
0000671f  bmi160_get_intr_tap_quiet                             
0000676d  bmi160_set_intr_tap_quiet                             
000067f9  bmi160_get_intr_tap_thres                             
00006845  bmi160_set_intr_tap_thres                             
000068bf  bmi160_get_intr_orient_mode                           
00006911  bmi160_set_intr_orient_mode                           
0000699d  bmi160_get_intr_orient_blocking                       
000069eb  bmi160_set_intr_orient_blocking                       
00006a77  bmi160_get_intr_orient_hyst                           
00006ac5  bmi160_set_intr_orient_hyst                           
00006b3f  bmi160_get_intr_orient_theta                          
00006b8b  bmi160_set_intr_orient_theta                          
00006c17  bmi160_get_intr_orient_ud_enable                      
00006c69  bmi160_set_intr_orient_ud_enable                      
00006cf5  bmi160_get_intr_orient_axes_enable                    
00006d43  bmi160_set_intr_orient_axes_enable                    
00006dcf  bmi160_get_intr_flat_theta                            
00006e1b  bmi160_set_intr_flat_theta                            
00006ea7  bmi160_get_intr_flat_hold                             
00006ef5  bmi160_set_intr_flat_hold                             
00006f87  bmi160_get_intr_flat_hyst                             
00006fd3  bmi160_set_intr_flat_hyst                             
0000705f  bmi160_get_foc_accel_z                                
000070ab  bmi160_set_foc_accel_z                                
00007125  bmi160_get_foc_accel_y                                
00007173  bmi160_set_foc_accel_y                                
000071ff  bmi160_get_foc_accel_x                                
0000724d  bmi160_set_foc_accel_x                                
000072dd  bmi160_set_accel_foc_trigger                          
00007635  bmi160_accel_foc_trigger_xyz                          
0000787f  bmi160_get_foc_gyro_enable                            
000078cd  bmi160_set_foc_gyro_enable                            
00007a59  bmi160_get_nvm_prog_enable                            
00007aa7  bmi160_set_nvm_prog_enable                            
00007b33  bmi160_get_spi3                                       
00007b7f  bmi160_set_spi3                                       
00007c0b  bmi160_get_i2c_wdt_select                             
00007c59  bmi160_set_i2c_wdt_select                             
00007ceb  bmi160_get_i2c_wdt_enable                             
00007d39  bmi160_set_i2c_wdt_enable                             
00007dc5  bmi160_get_if_mode                                    
00007e13  bmi160_set_if_mode                                    
00007e9f  bmi160_get_gyro_sleep_trigger                         
00007eeb  bmi160_set_gyro_sleep_trigger                         
00007f77  bmi160_get_gyro_wakeup_trigger                        
00007fc5  bmi160_set_gyro_wakeup_trigger                        
00008057  bmi160_get_gyro_sleep_state                           
000080a5  bmi160_set_gyro_sleep_state                           
00008131  bmi160_get_gyro_wakeup_intr                           
0000817f  bmi160_set_gyro_wakeup_intr                           
0000820b  bmi160_get_accel_selftest_axis                        
00008257  bmi160_set_accel_selftest_axis                        
000082e3  bmi160_get_accel_selftest_sign                        
00008335  bmi160_set_accel_selftest_sign                        
000083c1  bmi160_get_accel_selftest_amp                         
0000840f  bmi160_set_accel_selftest_amp                         
0000849b  bmi160_get_gyro_selftest_start                        
000084e9  bmi160_set_gyro_selftest_start                        
00008575  bmi160_get_spi_enable                                 
000085c1  bmi160_set_spi_enable                                 
0000863b  bmi160_get_spare0_trim                                
0000868d  bmi160_set_spare0_trim                                
00008707  bmi160_get_nvm_counter                                
00008755  bmi160_set_nvm_counter                                
000087cf  bmi160_get_accel_offset_compensation_xaxis            
0000881b  bmi160_set_accel_offset_compensation_xaxis            
000088b5  bmi160_get_accel_offset_compensation_yaxis            
00008901  bmi160_set_accel_offset_compensation_yaxis            
0000899f  bmi160_get_accel_offset_compensation_zaxis            
000089eb  bmi160_set_accel_offset_compensation_zaxis            
00008a85  bmi160_get_gyro_offset_compensation_xaxis             
00008b39  bmi160_set_gyro_offset_compensation_xaxis             
00008c55  bmi160_get_gyro_offset_compensation_yaxis             
00008d11  bmi160_set_gyro_offset_compensation_yaxis             
00008e2d  bmi160_get_gyro_offset_compensation_zaxis             
00008ee3  bmi160_set_gyro_offset_compensation_zaxis             
00008fff  bmi160_get_accel_offset_enable                        
0000904d  bmi160_set_accel_offset_enable                        
000090cf  bmi160_get_gyro_offset_enable                         
0000911d  bmi160_set_gyro_offset_enable                         
00009197  bmi160_read_step_count                                
000091eb  bmi160_get_step_config                                
000092a9  bmi160_set_step_config                                
000093bd  bmi160_get_step_counter_enable                        
0000940b  bmi160_set_step_counter_enable                        
00009497  bmi160_set_step_mode                                  
00009515  bmi160_map_significant_motion_intr                    
000095fd  bmi160_map_step_detector_intr                         
000096e5  bmi160_clear_step_counter                             
00009711  bmi160_set_command_register                           
0000974b  bmi160_get_target_page                                
00009799  bmi160_set_target_page                                
00009825  bmi160_get_paging_enable                              
00009873  bmi160_set_paging_enable                              
000098ff  bmi160_get_pullup_configuration                       
0000994d  bmi160_set_pullup_configuration                       
000099dd  bmi160_read_fifo_header_data                          
0000a3ad  bmi160_read_fifo_headerless_mode                      
0000acd9  bmi160_bmm150_mag_compensate_xyz                      
0000ad35  bmi160_bmm150_mag_compensate_X                        
0000addf  bmi160_bmm150_mag_compensate_Y                        
0000ae89  bmi160_bmm150_mag_compensate_Z                        
0000af29  bmi160_bmm150_mag_interface_init                      
0000b1d5  bmi160_bmm150_mag_wakeup                              
0000b2a5  bmi160_set_bmm150_mag_and_secondary_if_power_mode     
0000b3cb  bmi160_bmm150_mag_set_power_mode                      
0000b529  bmi160_set_bmm150_mag_presetmode                      
0000b885  bmi160_read_bmm150_mag_trim                           
0000bd29  bmi160_bst_akm_mag_interface_init                     
0000c049  bmi160_read_bst_akm_sensitivity_data                  
0000c131  bmi160_bst_akm_compensate_X                           
0000c163  bmi160_bst_akm_compensate_Y                           
0000c195  bmi160_bst_akm_compensate_Z                           
0000c1c7  bmi160_bst_akm_compensate_xyz                         
0000c215  bmi160_bst_akm_set_powermode                          
0000c439  bmi160_set_bst_akm_and_secondary_if_powermode         
0000c59f  bmi160_bst_yamaha_yas532_mag_interface_init           
0000c8d5  bmi160_bst_yas532_set_initial_values                  
0000ca35  bmi160_bst_yas532_magnetic_measure_set_offset         
0000cbc5  bmi160_bst_yamaha_yas532_calib_values                 
0000cf7d  bmi160_bst_yas532_xy1y2_to_linear                     
0000d019  bmi160_bst_yas532_normal_measurement_data             
0000d18d  bmi160_bst_yas532_measurement_xyz_data                
0000d605  bmi160_bst_yas532_acquisition_command_register        
0000d6c9  bmi160_bst_yas532_set_offset                          
0000d7cf  bmi160_get_ptr                                        
0000d7e9  bme280_init                                           
0000d83f  bme280_read_uncomp_temperature                        
0000d89f  bme280_compensate_temperature_int32                   
0000d917  bme280_compensate_temperature_int32_sixteen_bit_output
0000d941  bme280_read_uncomp_pressure                           
0000d9a1  bme280_compensate_pressure_int32                      
0000dad1  bme280_read_uncomp_humidity                           
0000db27  bme280_compensate_humidity_int32                      
0000dbdd  bme280_compensate_humidity_int32_sixteen_bit_output   
0000dc05  bme280_read_uncomp_pressure_temperature_humidity      
0000dc97  bme280_read_pressure_temperature_humidity             
0000dcf7  bme280_get_calib_param                                
0000de99  bme280_get_oversamp_temperature                       
0000def5  bme280_set_oversamp_temperature                       
0000e05b  bme280_get_oversamp_pressure                          
0000e0b7  bme280_set_oversamp_pressure                          
0000e213  bme280_get_oversamp_humidity                          
0000e26d  bme280_set_oversamp_humidity                          
0000e401  bme280_get_power_mode                                 
0000e44f  bme280_set_power_mode                                 
0000e5c9  bme280_set_soft_rst                                   
0000e609  bme280_get_spi3                                       
0000e657  bme280_set_spi3                                       
0000e7b7  bme280_get_filter                                     
0000e807  bme280_set_filter                                     
0000e96b  bme280_get_standby_durn                               
0000e9bb  bme280_set_standby_durn                               
0000eb1b  bme280_get_forced_uncomp_pressure_temperature_humidity
0000ecd9  bme280_write_register                                 
0000ed1f  bme280_read_register                                  
0000ed65  bme280_compensate_temperature_double                  
0000eec9  bme280_compensate_pressure_double                     
0000f165  bme280_compensate_humidity_double                     
0000f36d  bme280_compensate_pressure_int64                      
0000f575  bme280_compensate_pressure_int64_twentyfour_bit_output
0000f58f  bme280_compute_wait_time                              
0000f611  UARTStdioConfig                                       
0000f657  UARTwrite                                             
0000f69d  UARTgets                                              
0000f757  UARTgetc                                              
0000f77d  UARTvprintf                                           
0000fa77  UARTprintf                                            
0000faad  main                                                  
00010203  Timer0IntHandler                                      
00010215  TimerStepper                                          
000103d1  bmi160_initialize_sensor                              
0001040d  bmi160_config_running_mode                            
00010e55  bmi160_interrupt_configuration                        
00010ecf  i2c_routine                                           
00010ef1  spi_routine                                           
00010f07  bmi160_i2c_bus_read                                   
00010f33  bmi160_i2c_burst_read                                 
00010f69  bmi160_i2c_bus_write                                  
00010f95  bmi160_spi_bus_read                                   
00010fb3  bmi160_spi_bus_write                                  
00010fd1  bmi160_delay_ms                                       
00011015  __TI_printfi                                          
00011a63  __aeabi_idiv0                                         
00011a63  __aeabi_ldiv0                                         
00011a65  Detecta_BP                                            
00011ad3  Conf_Boosterpack                                      
00011b69  Test_I2C_Dir                                          
00011ba5  Espera_I2C                                            
00011bbf  I2C_read16                                            
00011c55  I2C_write16                                           
00011cbb  I2C_setslave                                          
00011cdd  writeI2C                                              
00011de1  readI2C                                               
00011f05  bme280_data_readout_template                          
00011ff1  I2C_routine                                           
0001200d  SPI_routine                                           
00012023  BME280_I2C_bus_write                                  
0001204f  BME280_I2C_bus_read                                   
0001207b  BME280_SPI_bus_read                                   
000120e1  BME280_SPI_bus_write                                  
00012151  BME280_delay_msek                                     
00012401  SysCtlClockFreqSet                                    
00012601  exp2                                                  
00012601  exp2l                                                 
000129d1  __aeabi_dsub                                          
000129db  __aeabi_dadd                                          
00012b89  atanf                                                 
00012e15  __aeabi_ddiv                                          
00012f4b  GPIOPadConfigSet                                      
000131a1  sensorTmp007Init                                      
000131ab  sensorTmp007Enable                                    
000131eb  sensorTmp007Read                                      
0001324b  sensorTmp007DevID                                     
00013259  sensorTmp007REG                                       
0001326d  sensorTmp007Convert                                   
000132c1  ldexp                                                 
000132c1  ldexpl                                                
000132c1  scalbn                                                
000132c1  scalbnl                                               
000133d1  __aeabi_dmul                                          
000134cd  floor                                                 
000134cd  floorl                                                
000135c5  OPT3001_init                                          
000135d9  OPT3001_readManufacturerId                            
000135e5  OPT3001_readDeviceId                                  
000135f1  OPT3001_readConfigReg                                 
000135fd  OPT3001_readLowLimitReg                               
00013609  OPT3001_readHighLimitReg                              
00013615  OPT3001_getLux                                        
0001369d  round                                                 
0001369d  roundl                                                
0001380f  __aeabi_memcpy                                        
0001380f  __aeabi_memcpy4                                       
0001380f  __aeabi_memcpy8                                       
0001380f  memcpy                                                
000138ab  __aeabi_uldivmod                                      
00013941  __aeabi_cdcmpeq                                       
00013941  __aeabi_cdcmple                                       
000139c7  __aeabi_cdrcmple                                      
00013a4d  __aeabi_memclr                                        
00013a4d  __aeabi_memclr4                                       
00013a4d  __aeabi_memclr8                                       
00013a4f  __aeabi_memset                                        
00013a4f  __aeabi_memset4                                       
00013a4f  __aeabi_memset8                                       
00013a55  memset                                                
00013b35  __aeabi_d2f                                           
00013ba3  __aeabi_ldivmod                                       
00013c11  IntEnable                                             
00013c79  __TI_decompress_lzss                                  
00013ce1  frexp                                                 
00013ce1  frexpl                                                
00013d45  TimerConfigure                                        
00013dfb  ltoa                                                  
00013ea1  I2CMasterInitExpClk                                   
00013f39  atoi                                                  
00013f85  GPIOPinConfigure                                      
00014015  __aeabi_d2iz                                          
0001405d  UARTConfigSetExpClk                                   
000140a5  __TI_auto_init_nobinit_nopinit                        
000140e9  __aeabi_uidiv                                         
000140e9  __aeabi_uidivmod                                      
00014129  sprintf                                               
000141a9  SysCtlPeripheralPresent                               
000141e1  __aeabi_f2d                                           
00014219  IntRegister                                           
0001424d  SysCtlPeripheralEnable                                
00014281  _c_int00_noargs                                       
000142b5  __aeabi_i2d                                           
000142e3  GPIODirModeSet                                        
0001430d  UARTDisable                                           
0001434d  __aeabi_ui2d                                          
0001436d  memccpy                                               
00014389  copysign                                              
00014389  copysignl                                             
000143a3  GPIOPinTypeGPIOOutput                                 
000143bb  TimerIntRegister                                      
000143eb  __aeabi_lmul                                          
00014403  I2CMasterErr                                          
00014419  strchr                                                
0001442f  UARTEnable                                            
00014443  strlen                                                
00014457  GPIOPinTypeGPIOInput                                  
00014469  GPIOPinTypeI2C                                        
0001447b  GPIOPinTypeI2CSCL                                     
0001448d  GPIOPinTypeUART                                       
0001449f  TimerLoadSet                                          
000144b1  wcslen                                                
000144c3  IntMasterEnable                                       
000144d3  TimerEnable                                           
000144e1  __TI_decompress_none                                  
000144ef  CPUcpsie                                              
000144fb  __TI_zero_init                                        
00014507  ResetISR                                              
00014513  I2CMasterEnable                                       
0001451d  UARTCharGet                                           
00014527  UARTCharPut                                           
0001453b  I2CMasterBusy                                         
00014543  I2CMasterSlaveAddrSet                                 
0001454b  TimerIntEnable                                        
00014555  __aeabi_errno_addr                                    
0001455d  GPIOPinRead                                           
00014563  GPIOPinWrite                                          
00014569  SysCtlDelay                                           
0001456f  TimerClockSourceSet                                   
00014575  I2CMasterControl                                      
00014579  I2CMasterDataGet                                      
0001457d  I2CMasterDataPut                                      
00014581  TimerIntClear                                         
00014585  _system_pre_init                                      
00014589  C$$EXIT                                               
00014589  abort                                                 
00015740  _ctypes_                                              
00015bc0  __TI_Handler_Table_Base                               
00015bcc  __TI_Handler_Table_Limit                              
00015be0  __TI_CINIT_Base                                       
00015bf8  __TI_CINIT_Limit                                      
20000000  g_pfnRAMVectors                                       
20000270  __stack                                               
20000470  __STACK_TOP                                           
20001270  __STACK_END                                           
20001270  accel_fifo                                            
200015dc  gyro_fifo                                             
20001948  mag_fifo                                              
20001d24  string                                                
20001d74  bme280                                                
20001db0  s_bmi160                                              
20001dd4  s_magcompXYZ                                          
20001de0  accelxyz                                              
20001de6  gyroxyz                                               
20001df0  I2C_Base                                              
20001df4  RELOJ                                                 
20001df8  angulo                                                
20001dfc  direccion                                             
20001e00  grados                                                
20001e04  p_bme280                                              
20001e08  placa                                                 
20001e0c  referencia                                            
20001e13  Bme_OK                                                
20001e16  Bmi_OK                                                
20001e17  Opt_OK                                                
20001e18  Tmp_OK                                                
20001e1c  v_fifo_data_u8                                        
2000221c  Rumbo                                                 
2000225c  Step                                                  
200022a0  Cambia                                                
200022a4  DevID                                                 
200022a8  Sensor_OK                                             
200022ac  pi                                                    
200022b0  posicion                                              
200022b4  mov                                                   
200022b8  secuencia                                             
200022bc  sentido                                               
200022c4  Pin                                                   
200022d4  Puerto                                                
200022e4  V_bmm150_maual_auto_condition_u8                      
200022e8  V_fifo_time_U32                                       
200022ec  errno                                                 
ffffffff  __TI_pprof_out_hndl                                   
ffffffff  __TI_prof_data_size                                   
ffffffff  __TI_prof_data_start                                  
ffffffff  __binit__                                             
ffffffff  __c_args__                                            
ffffffff  binit                                                 
UNDEFED   __mpu_init                                            
UNDEFED   _system_post_cinit                                    

[576 symbols]
