******************************************************************************
                  TI ARM Linker PC v18.12.2                    
******************************************************************************
>> Linked Mon Oct 28 18:20:04 2019

OUTPUT FILE NAME:   <practica_1.out>
ENTRY POINT SYMBOL: "_c_int00_noargs"  address: 00000a75


MEMORY CONFIGURATION

         name            origin    length      used     unused   attr    fill
----------------------  --------  ---------  --------  --------  ----  --------
  FLASH                 00000000   00100000  00001050  000fefb0  R  X
  SRAM                  20000000   00040000  00000474  0003fb8c  RW X


SEGMENT ALLOCATION MAP

run origin  load origin   length   init length attrs members
----------  ----------- ---------- ----------- ----- -------
00000000    00000000    00001050   00001050    r-x
  00000000    00000000    00000208   00000208    r-- .intvecs
  00000208    00000208    000009ac   000009ac    r-x .text
  00000bb4    00000bb4    0000045c   0000045c    r-- .const
  00001010    00001010    00000040   00000040    r-- .cinit
20000000    20000000    00000474   00000000    rw-
  20000000    20000000    0000026c   00000000    rw- .vtable
  2000026c    2000026c    00000004   00000000    rw- .bss
  20000270    20000270    00000200   00000000    rw- .stack
  20000470    20000470    00000004   00000000    rw- .data


SECTION ALLOCATION MAP

 output                                  attributes/
section   page    origin      length       input sections
--------  ----  ----------  ----------   ----------------
.intvecs   0    00000000    00000208     
                  00000000    00000208     tm4c1294ncpdt_startup_ccs.obj (.intvecs)

.text      0    00000208    000009ac     
                  00000208    00000294     apartado_2.obj (.text)
                  0000049c    00000200     driverlib.lib : sysctl.obj (.text:SysCtlClockFreqSet)
                  0000069c    00000132                   : gpio.obj (.text:GPIOPadConfigSet)
                  000007ce    0000009c     rtsv7M4_T_le_v4SPD16_eabi.lib : memcpy_t2.asm.obj (.text)
                  0000086a    00000002     --HOLE-- [fill = 0]
                  0000086c    00000068     driverlib.lib : interrupt.obj (.text:IntEnable)
                  000008d4    00000068     rtsv7M4_T_le_v4SPD16_eabi.lib : copy_decompress_lzss.c.obj (.text:decompress:lzss:__TI_decompress_lzss)
                  0000093c    00000048     driverlib.lib : sysctl.obj (.text:_SysCtlFrequencyGet)
                  00000984    00000044                   : gpio.obj (.text:_GPIOIntNumberGet)
                  000009c8    00000044     rtsv7M4_T_le_v4SPD16_eabi.lib : autoinit.c.obj (.text:__TI_auto_init_nobinit_nopinit:__TI_auto_init_nobinit_nopinit)
                  00000a0c    00000034     driverlib.lib : interrupt.obj (.text:IntRegister)
                  00000a40    00000034                   : sysctl.obj (.text:SysCtlPeripheralEnable)
                  00000a74    00000034     rtsv7M4_T_le_v4SPD16_eabi.lib : boot_cortex_m.c.obj (.text:_c_int00_noargs:_c_int00_noargs)
                  00000aa8    0000002a     driverlib.lib : gpio.obj (.text:GPIODirModeSet)
                  00000ad2    00000002     --HOLE-- [fill = 0]
                  00000ad4    00000020                   : sysctl.obj (.text:_SysCtlMemTimingGet)
                  00000af4    0000001c     rtsv7M4_T_le_v4SPD16_eabi.lib : copy_zero_init.c.obj (.text:decompress:ZI:__TI_zero_init_nomemset:__TI_zero_init_nomemset)
                  00000b10    00000018     driverlib.lib : gpio.obj (.text:GPIOIntRegister)
                  00000b28    00000018                   : gpio.obj (.text:GPIOPinTypeGPIOOutput)
                  00000b40    00000012                   : gpio.obj (.text:GPIOPinTypeGPIOInput)
                  00000b52    00000010                   : interrupt.obj (.text:IntMasterEnable)
                  00000b62    0000000e     rtsv7M4_T_le_v4SPD16_eabi.lib : copy_decompress_none.c.obj (.text:decompress:none:__TI_decompress_none)
                  00000b70    0000000c     driverlib.lib : cpu.obj (.text:CPUcpsie)
                  00000b7c    0000000c                   : gpio.obj (.text:GPIOIntEnable)
                  00000b88    0000000c     tm4c1294ncpdt_startup_ccs.obj (.text)
                  00000b94    00000006     driverlib.lib : gpio.obj (.text:GPIOIntClear)
                  00000b9a    00000006                   : gpio.obj (.text:GPIOPinRead)
                  00000ba0    00000006                   : gpio.obj (.text:GPIOPinWrite)
                  00000ba6    00000006                   : sysctl.obj (.text:SysCtlDelay)
                  00000bac    00000004     rtsv7M4_T_le_v4SPD16_eabi.lib : pre_init.c.obj (.text:_system_pre_init)
                  00000bb0    00000004                                   : exit.c.obj (.text:abort:abort)

.const     0    00000bb4    0000045c     
                  00000bb4    000001b0     driverlib.lib : sysctl.obj (.const:g_pppui32XTALtoVCO)
                  00000d64    000000d8                   : gpio.obj (.const:g_ppui32GPIOIntMapSnowflake)
                  00000e3c    000000c0                   : gpio.obj (.const:g_ppui32GPIOIntMapBlizzard)
                  00000efc    00000070                   : interrupt.obj (.const)
                  00000f6c    0000006c                   : sysctl.obj (.const:g_pui32Xtals)
                  00000fd8    00000030                   : sysctl.obj (.const:g_sXTALtoMEMTIM)
                  00001008    00000008                   : sysctl.obj (.const)

.cinit     0    00001010    00000040     
                  00001010    0000000c     (__TI_handler_table)
                  0000101c    00000004     --HOLE-- [fill = 0]
                  00001020    00000008     (.cinit..bss.load) [load image, compression = zero_init]
                  00001028    00000008     (.cinit..vtable.load) [load image, compression = zero_init]
                  00001030    00000007     (.cinit..data.load) [load image, compression = lzss]
                  00001037    00000001     --HOLE-- [fill = 0]
                  00001038    00000018     (__TI_cinit_table)

.init_array 
*          0    00000000    00000000     UNINITIALIZED

.vtable    0    20000000    0000026c     UNINITIALIZED
                  20000000    0000026c     driverlib.lib : interrupt.obj (.vtable)

.bss       0    2000026c    00000004     UNINITIALIZED
                  2000026c    00000004     (.common:estado)

.data      0    20000470    00000004     UNINITIALIZED
                  20000470    00000004     apartado_2.obj (.data)

.stack     0    20000270    00000200     UNINITIALIZED
                  20000270    00000004     rtsv7M4_T_le_v4SPD16_eabi.lib : boot_cortex_m.c.obj (.stack)
                  20000274    000001fc     --HOLE--

MODULE SUMMARY

       Module                          code   ro data   rw data
       ------                          ----   -------   -------
    .\
       apartado_2.obj                  660    0         8      
       tm4c1294ncpdt_startup_ccs.obj   12     520       0      
    +--+-------------------------------+------+---------+---------+
       Total:                          672    520       8      
                                                               
    C:/ti/TivaWare_C_Series-2.1.4.178/driverlib/ccs/Debug/driverlib.lib
       sysctl.obj                      674    596       0      
       gpio.obj                        512    408       0      
       interrupt.obj                   172    112       620    
       cpu.obj                         12     0         0      
    +--+-------------------------------+------+---------+---------+
       Total:                          1370   1116      620    
                                                               
    C:\ti\ccs910\ccs\tools\compiler\ti-cgt-arm_18.12.2.LTS\lib\rtsv7M4_T_le_v4SPD16_eabi.lib
       memcpy_t2.asm.obj               156    0         0      
       copy_decompress_lzss.c.obj      104    0         0      
       autoinit.c.obj                  68     0         0      
       boot_cortex_m.c.obj             52     0         0      
       copy_zero_init.c.obj            28     0         0      
       copy_decompress_none.c.obj      14     0         0      
       exit.c.obj                      4      0         0      
       pre_init.c.obj                  4      0         0      
    +--+-------------------------------+------+---------+---------+
       Total:                          430    0         0      
                                                               
       Stack:                          0      0         512    
       Linker Generated:               0      59        0      
    +--+-------------------------------+------+---------+---------+
       Grand Total:                    2472   1695      1140   


LINKER GENERATED COPY TABLES

__TI_cinit_table @ 00001038 records: 3, size/record: 8, table size: 24
	.bss: load addr=00001020, load size=00000008 bytes, run addr=2000026c, run size=00000004 bytes, compression=zero_init
	.vtable: load addr=00001028, load size=00000008 bytes, run addr=20000000, run size=0000026c bytes, compression=zero_init
	.data: load addr=00001030, load size=00000007 bytes, run addr=20000470, run size=00000004 bytes, compression=lzss


LINKER GENERATED HANDLER TABLE

__TI_handler_table @ 00001010 records: 3, size/record: 4, table size: 12
	index: 0, handler: __TI_zero_init
	index: 1, handler: __TI_decompress_lzss
	index: 2, handler: __TI_decompress_none


GLOBAL SYMBOLS: SORTED ALPHABETICALLY BY Name 

address   name                          
-------   ----                          
00000bb1  C$$EXIT                       
00000b71  CPUcpsie                      
00000aa9  GPIODirModeSet                
00000b95  GPIOIntClear                  
00000b7d  GPIOIntEnable                 
00000b11  GPIOIntRegister               
0000069d  GPIOPadConfigSet              
00000b9b  GPIOPinRead                   
00000b41  GPIOPinTypeGPIOInput          
00000b29  GPIOPinTypeGPIOOutput         
00000ba1  GPIOPinWrite                  
0000086d  IntEnable                     
00000b53  IntMasterEnable               
00000a0d  IntRegister                   
00000b89  ResetISR                      
0000049d  SysCtlClockFreqSet            
00000ba7  SysCtlDelay                   
00000a41  SysCtlPeripheralEnable        
20000470  __STACK_END                   
00000200  __STACK_SIZE                  
20000470  __STACK_TOP                   
00001038  __TI_CINIT_Base               
00001050  __TI_CINIT_Limit              
00001010  __TI_Handler_Table_Base       
0000101c  __TI_Handler_Table_Limit      
000009c9  __TI_auto_init_nobinit_nopinit
000008d5  __TI_decompress_lzss          
00000b63  __TI_decompress_none          
ffffffff  __TI_pprof_out_hndl           
ffffffff  __TI_prof_data_size           
ffffffff  __TI_prof_data_start          
00000000  __TI_static_base__            
00000af5  __TI_zero_init_nomemset       
000007cf  __aeabi_memcpy                
000007cf  __aeabi_memcpy4               
000007cf  __aeabi_memcpy8               
ffffffff  __binit__                     
ffffffff  __c_args__                    
UNDEFED   __mpu_init                    
20000270  __stack                       
00000a75  _c_int00_noargs               
UNDEFED   _system_post_cinit            
00000bad  _system_pre_init              
00000bb1  abort                         
ffffffff  binit                         
2000026c  estado                        
20000000  g_pfnRAMVectors               
00000000  g_pfnVectors                  
00000283  main                          
000007cf  memcpy                        
20000470  reloj                         
00000209  rutina_interrupcion           


GLOBAL SYMBOLS: SORTED BY Symbol Address 

address   name                          
-------   ----                          
00000000  __TI_static_base__            
00000000  g_pfnVectors                  
00000200  __STACK_SIZE                  
00000209  rutina_interrupcion           
00000283  main                          
0000049d  SysCtlClockFreqSet            
0000069d  GPIOPadConfigSet              
000007cf  __aeabi_memcpy                
000007cf  __aeabi_memcpy4               
000007cf  __aeabi_memcpy8               
000007cf  memcpy                        
0000086d  IntEnable                     
000008d5  __TI_decompress_lzss          
000009c9  __TI_auto_init_nobinit_nopinit
00000a0d  IntRegister                   
00000a41  SysCtlPeripheralEnable        
00000a75  _c_int00_noargs               
00000aa9  GPIODirModeSet                
00000af5  __TI_zero_init_nomemset       
00000b11  GPIOIntRegister               
00000b29  GPIOPinTypeGPIOOutput         
00000b41  GPIOPinTypeGPIOInput          
00000b53  IntMasterEnable               
00000b63  __TI_decompress_none          
00000b71  CPUcpsie                      
00000b7d  GPIOIntEnable                 
00000b89  ResetISR                      
00000b95  GPIOIntClear                  
00000b9b  GPIOPinRead                   
00000ba1  GPIOPinWrite                  
00000ba7  SysCtlDelay                   
00000bad  _system_pre_init              
00000bb1  C$$EXIT                       
00000bb1  abort                         
00001010  __TI_Handler_Table_Base       
0000101c  __TI_Handler_Table_Limit      
00001038  __TI_CINIT_Base               
00001050  __TI_CINIT_Limit              
20000000  g_pfnRAMVectors               
2000026c  estado                        
20000270  __stack                       
20000470  __STACK_END                   
20000470  __STACK_TOP                   
20000470  reloj                         
ffffffff  __TI_pprof_out_hndl           
ffffffff  __TI_prof_data_size           
ffffffff  __TI_prof_data_start          
ffffffff  __binit__                     
ffffffff  __c_args__                    
ffffffff  binit                         
UNDEFED   __mpu_init                    
UNDEFED   _system_post_cinit            

[52 symbols]
