<?xml version="1.0" encoding="ISO-8859-1" ?>
<link_info>
   <banner>TI ARM Linker PC v18.12.2.LTS</banner>
   <copyright>Copyright (c) 1996-2018 Texas Instruments Incorporated</copyright>
   <link_time>0x5dcc437c</link_time>
   <link_errors>0x0</link_errors>
   <output_file>practica_5.out</output_file>
   <entry_point>
      <name>_c_int00_noargs</name>
      <address>0x1450d</address>
   </entry_point>
   <input_file_list>
      <input_file id="fl-2">
         <path>.\</path>
         <kind>object</kind>
         <file>p5_apartado_2.obj</file>
         <name>p5_apartado_2.obj</name>
      </input_file>
      <input_file id="fl-3">
         <path>.\</path>
         <kind>object</kind>
         <file>tm4c1294ncpdt_startup_ccs.obj</file>
         <name>tm4c1294ncpdt_startup_ccs.obj</name>
      </input_file>
      <input_file id="fl-9">
         <kind>object</kind>
         <file>&lt;internal&gt;</file>
         <name>&lt;internal&gt;</name>
      </input_file>
      <input_file id="fl-a">
         <path>..\</path>
         <kind>archive</kind>
         <file>SENSORLIB2.lib</file>
         <name>HAL_I2C.obj</name>
      </input_file>
      <input_file id="fl-b">
         <path>..\</path>
         <kind>archive</kind>
         <file>SENSORLIB2.lib</file>
         <name>HAL_OPT3001.obj</name>
      </input_file>
      <input_file id="fl-c">
         <path>..\</path>
         <kind>archive</kind>
         <file>SENSORLIB2.lib</file>
         <name>HAL_tmp007.obj</name>
      </input_file>
      <input_file id="fl-d">
         <path>..\</path>
         <kind>archive</kind>
         <file>SENSORLIB2.lib</file>
         <name>bme280.obj</name>
      </input_file>
      <input_file id="fl-e">
         <path>..\</path>
         <kind>archive</kind>
         <file>SENSORLIB2.lib</file>
         <name>bme280_support.obj</name>
      </input_file>
      <input_file id="fl-f">
         <path>..\</path>
         <kind>archive</kind>
         <file>SENSORLIB2.lib</file>
         <name>bmi160.obj</name>
      </input_file>
      <input_file id="fl-10">
         <path>..\</path>
         <kind>archive</kind>
         <file>SENSORLIB2.lib</file>
         <name>bmi160_support.obj</name>
      </input_file>
      <input_file id="fl-11">
         <path>C:\ti\TivaWare_C_Series-2.1.4.178\driverlib\ccs\Debug\</path>
         <kind>archive</kind>
         <file>driverlib.lib</file>
         <name>gpio.obj</name>
      </input_file>
      <input_file id="fl-12">
         <path>C:\ti\TivaWare_C_Series-2.1.4.178\driverlib\ccs\Debug\</path>
         <kind>archive</kind>
         <file>driverlib.lib</file>
         <name>i2c.obj</name>
      </input_file>
      <input_file id="fl-13">
         <path>C:\ti\TivaWare_C_Series-2.1.4.178\driverlib\ccs\Debug\</path>
         <kind>archive</kind>
         <file>driverlib.lib</file>
         <name>interrupt.obj</name>
      </input_file>
      <input_file id="fl-14">
         <path>C:\ti\TivaWare_C_Series-2.1.4.178\driverlib\ccs\Debug\</path>
         <kind>archive</kind>
         <file>driverlib.lib</file>
         <name>sysctl.obj</name>
      </input_file>
      <input_file id="fl-15">
         <path>C:\ti\TivaWare_C_Series-2.1.4.178\driverlib\ccs\Debug\</path>
         <kind>archive</kind>
         <file>driverlib.lib</file>
         <name>systick.obj</name>
      </input_file>
      <input_file id="fl-16">
         <path>C:\ti\TivaWare_C_Series-2.1.4.178\driverlib\ccs\Debug\</path>
         <kind>archive</kind>
         <file>driverlib.lib</file>
         <name>timer.obj</name>
      </input_file>
      <input_file id="fl-17">
         <path>C:\ti\TivaWare_C_Series-2.1.4.178\driverlib\ccs\Debug\</path>
         <kind>archive</kind>
         <file>driverlib.lib</file>
         <name>uart.obj</name>
      </input_file>
      <input_file id="fl-18">
         <path>C:\ti\TivaWare_C_Series-2.1.4.178\driverlib\ccs\Debug\</path>
         <kind>archive</kind>
         <file>driverlib.lib</file>
         <name>cpu.obj</name>
      </input_file>
      <input_file id="fl-ce">
         <path>C:\ti\ccs910\ccs\tools\compiler\ti-cgt-arm_18.12.2.LTS\lib\</path>
         <kind>archive</kind>
         <file>rtsv7M4_T_le_v4SPD16_eabi.lib</file>
         <name>s_atanf.c.obj</name>
      </input_file>
      <input_file id="fl-cf">
         <path>C:\ti\ccs910\ccs\tools\compiler\ti-cgt-arm_18.12.2.LTS\lib\</path>
         <kind>archive</kind>
         <file>rtsv7M4_T_le_v4SPD16_eabi.lib</file>
         <name>sprintf.c.obj</name>
      </input_file>
      <input_file id="fl-d0">
         <path>C:\ti\ccs910\ccs\tools\compiler\ti-cgt-arm_18.12.2.LTS\lib\</path>
         <kind>archive</kind>
         <file>rtsv7M4_T_le_v4SPD16_eabi.lib</file>
         <name>s_exp2.c.obj</name>
      </input_file>
      <input_file id="fl-d1">
         <path>C:\ti\ccs910\ccs\tools\compiler\ti-cgt-arm_18.12.2.LTS\lib\</path>
         <kind>archive</kind>
         <file>rtsv7M4_T_le_v4SPD16_eabi.lib</file>
         <name>s_floor.c.obj</name>
      </input_file>
      <input_file id="fl-d2">
         <path>C:\ti\ccs910\ccs\tools\compiler\ti-cgt-arm_18.12.2.LTS\lib\</path>
         <kind>archive</kind>
         <file>rtsv7M4_T_le_v4SPD16_eabi.lib</file>
         <name>s_round.c.obj</name>
      </input_file>
      <input_file id="fl-d3">
         <path>C:\ti\ccs910\ccs\tools\compiler\ti-cgt-arm_18.12.2.LTS\lib\</path>
         <kind>archive</kind>
         <file>rtsv7M4_T_le_v4SPD16_eabi.lib</file>
         <name>ll_div_t2.asm.obj</name>
      </input_file>
      <input_file id="fl-d4">
         <path>C:\ti\ccs910\ccs\tools\compiler\ti-cgt-arm_18.12.2.LTS\lib\</path>
         <kind>archive</kind>
         <file>rtsv7M4_T_le_v4SPD16_eabi.lib</file>
         <name>ull_div_t2.asm.obj</name>
      </input_file>
      <input_file id="fl-d5">
         <path>C:\ti\ccs910\ccs\tools\compiler\ti-cgt-arm_18.12.2.LTS\lib\</path>
         <kind>archive</kind>
         <file>rtsv7M4_T_le_v4SPD16_eabi.lib</file>
         <name>memset_t2.asm.obj</name>
      </input_file>
      <input_file id="fl-d6">
         <path>C:\ti\ccs910\ccs\tools\compiler\ti-cgt-arm_18.12.2.LTS\lib\</path>
         <kind>archive</kind>
         <file>rtsv7M4_T_le_v4SPD16_eabi.lib</file>
         <name>fd_add_t2.asm.obj</name>
      </input_file>
      <input_file id="fl-d7">
         <path>C:\ti\ccs910\ccs\tools\compiler\ti-cgt-arm_18.12.2.LTS\lib\</path>
         <kind>archive</kind>
         <file>rtsv7M4_T_le_v4SPD16_eabi.lib</file>
         <name>fd_cmp_t2.asm.obj</name>
      </input_file>
      <input_file id="fl-d8">
         <path>C:\ti\ccs910\ccs\tools\compiler\ti-cgt-arm_18.12.2.LTS\lib\</path>
         <kind>archive</kind>
         <file>rtsv7M4_T_le_v4SPD16_eabi.lib</file>
         <name>fd_div_t2.asm.obj</name>
      </input_file>
      <input_file id="fl-d9">
         <path>C:\ti\ccs910\ccs\tools\compiler\ti-cgt-arm_18.12.2.LTS\lib\</path>
         <kind>archive</kind>
         <file>rtsv7M4_T_le_v4SPD16_eabi.lib</file>
         <name>fd_mul_t2.asm.obj</name>
      </input_file>
      <input_file id="fl-da">
         <path>C:\ti\ccs910\ccs\tools\compiler\ti-cgt-arm_18.12.2.LTS\lib\</path>
         <kind>archive</kind>
         <file>rtsv7M4_T_le_v4SPD16_eabi.lib</file>
         <name>fd_toi_t2.asm.obj</name>
      </input_file>
      <input_file id="fl-db">
         <path>C:\ti\ccs910\ccs\tools\compiler\ti-cgt-arm_18.12.2.LTS\lib\</path>
         <kind>archive</kind>
         <file>rtsv7M4_T_le_v4SPD16_eabi.lib</file>
         <name>fd_tos_t2.asm.obj</name>
      </input_file>
      <input_file id="fl-dc">
         <path>C:\ti\ccs910\ccs\tools\compiler\ti-cgt-arm_18.12.2.LTS\lib\</path>
         <kind>archive</kind>
         <file>rtsv7M4_T_le_v4SPD16_eabi.lib</file>
         <name>fs_tod_t2.asm.obj</name>
      </input_file>
      <input_file id="fl-dd">
         <path>C:\ti\ccs910\ccs\tools\compiler\ti-cgt-arm_18.12.2.LTS\lib\</path>
         <kind>archive</kind>
         <file>rtsv7M4_T_le_v4SPD16_eabi.lib</file>
         <name>i_tofd_t2.asm.obj</name>
      </input_file>
      <input_file id="fl-de">
         <path>C:\ti\ccs910\ccs\tools\compiler\ti-cgt-arm_18.12.2.LTS\lib\</path>
         <kind>archive</kind>
         <file>rtsv7M4_T_le_v4SPD16_eabi.lib</file>
         <name>ll_mul_t2.asm.obj</name>
      </input_file>
      <input_file id="fl-df">
         <path>C:\ti\ccs910\ccs\tools\compiler\ti-cgt-arm_18.12.2.LTS\lib\</path>
         <kind>archive</kind>
         <file>rtsv7M4_T_le_v4SPD16_eabi.lib</file>
         <name>memcpy_t2.asm.obj</name>
      </input_file>
      <input_file id="fl-e0">
         <path>C:\ti\ccs910\ccs\tools\compiler\ti-cgt-arm_18.12.2.LTS\lib\</path>
         <kind>archive</kind>
         <file>rtsv7M4_T_le_v4SPD16_eabi.lib</file>
         <name>u_tofd_t2.asm.obj</name>
      </input_file>
      <input_file id="fl-e1">
         <path>C:\ti\ccs910\ccs\tools\compiler\ti-cgt-arm_18.12.2.LTS\lib\</path>
         <kind>archive</kind>
         <file>rtsv7M4_T_le_v4SPD16_eabi.lib</file>
         <name>u_divt2.asm.obj</name>
      </input_file>
      <input_file id="fl-e2">
         <path>C:\ti\ccs910\ccs\tools\compiler\ti-cgt-arm_18.12.2.LTS\lib\</path>
         <kind>archive</kind>
         <file>rtsv7M4_T_le_v4SPD16_eabi.lib</file>
         <name>copy_zero_init.c.obj</name>
      </input_file>
      <input_file id="fl-e3">
         <path>C:\ti\ccs910\ccs\tools\compiler\ti-cgt-arm_18.12.2.LTS\lib\</path>
         <kind>archive</kind>
         <file>rtsv7M4_T_le_v4SPD16_eabi.lib</file>
         <name>copy_decompress_none.c.obj</name>
      </input_file>
      <input_file id="fl-e4">
         <path>C:\ti\ccs910\ccs\tools\compiler\ti-cgt-arm_18.12.2.LTS\lib\</path>
         <kind>archive</kind>
         <file>rtsv7M4_T_le_v4SPD16_eabi.lib</file>
         <name>copy_decompress_lzss.c.obj</name>
      </input_file>
      <input_file id="fl-e5">
         <path>C:\ti\ccs910\ccs\tools\compiler\ti-cgt-arm_18.12.2.LTS\lib\</path>
         <kind>archive</kind>
         <file>rtsv7M4_T_le_v4SPD16_eabi.lib</file>
         <name>boot_cortex_m.c.obj</name>
      </input_file>
      <input_file id="fl-e6">
         <path>C:\ti\ccs910\ccs\tools\compiler\ti-cgt-arm_18.12.2.LTS\lib\</path>
         <kind>archive</kind>
         <file>rtsv7M4_T_le_v4SPD16_eabi.lib</file>
         <name>errno.c.obj</name>
      </input_file>
      <input_file id="fl-e7">
         <path>C:\ti\ccs910\ccs\tools\compiler\ti-cgt-arm_18.12.2.LTS\lib\</path>
         <kind>archive</kind>
         <file>rtsv7M4_T_le_v4SPD16_eabi.lib</file>
         <name>_printfi.c.obj</name>
      </input_file>
      <input_file id="fl-e8">
         <path>C:\ti\ccs910\ccs\tools\compiler\ti-cgt-arm_18.12.2.LTS\lib\</path>
         <kind>archive</kind>
         <file>rtsv7M4_T_le_v4SPD16_eabi.lib</file>
         <name>s_frexp.c.obj</name>
      </input_file>
      <input_file id="fl-e9">
         <path>C:\ti\ccs910\ccs\tools\compiler\ti-cgt-arm_18.12.2.LTS\lib\</path>
         <kind>archive</kind>
         <file>rtsv7M4_T_le_v4SPD16_eabi.lib</file>
         <name>s_scalbn.c.obj</name>
      </input_file>
      <input_file id="fl-ea">
         <path>C:\ti\ccs910\ccs\tools\compiler\ti-cgt-arm_18.12.2.LTS\lib\</path>
         <kind>archive</kind>
         <file>rtsv7M4_T_le_v4SPD16_eabi.lib</file>
         <name>div0.asm.obj</name>
      </input_file>
      <input_file id="fl-eb">
         <path>C:\ti\ccs910\ccs\tools\compiler\ti-cgt-arm_18.12.2.LTS\lib\</path>
         <kind>archive</kind>
         <file>rtsv7M4_T_le_v4SPD16_eabi.lib</file>
         <name>autoinit.c.obj</name>
      </input_file>
      <input_file id="fl-ec">
         <path>C:\ti\ccs910\ccs\tools\compiler\ti-cgt-arm_18.12.2.LTS\lib\</path>
         <kind>archive</kind>
         <file>rtsv7M4_T_le_v4SPD16_eabi.lib</file>
         <name>pre_init.c.obj</name>
      </input_file>
      <input_file id="fl-ed">
         <path>C:\ti\ccs910\ccs\tools\compiler\ti-cgt-arm_18.12.2.LTS\lib\</path>
         <kind>archive</kind>
         <file>rtsv7M4_T_le_v4SPD16_eabi.lib</file>
         <name>cpy_tbl.c.obj</name>
      </input_file>
      <input_file id="fl-ee">
         <path>C:\ti\ccs910\ccs\tools\compiler\ti-cgt-arm_18.12.2.LTS\lib\</path>
         <kind>archive</kind>
         <file>rtsv7M4_T_le_v4SPD16_eabi.lib</file>
         <name>exit.c.obj</name>
      </input_file>
      <input_file id="fl-ef">
         <path>C:\ti\ccs910\ccs\tools\compiler\ti-cgt-arm_18.12.2.LTS\lib\</path>
         <kind>archive</kind>
         <file>rtsv7M4_T_le_v4SPD16_eabi.lib</file>
         <name>_lock.c.obj</name>
      </input_file>
      <input_file id="fl-f0">
         <path>C:\ti\ccs910\ccs\tools\compiler\ti-cgt-arm_18.12.2.LTS\lib\</path>
         <kind>archive</kind>
         <file>rtsv7M4_T_le_v4SPD16_eabi.lib</file>
         <name>args_main.c.obj</name>
      </input_file>
      <input_file id="fl-f1">
         <path>C:\ti\ccs910\ccs\tools\compiler\ti-cgt-arm_18.12.2.LTS\lib\</path>
         <kind>archive</kind>
         <file>rtsv7M4_T_le_v4SPD16_eabi.lib</file>
         <name>atoi.c.obj</name>
      </input_file>
      <input_file id="fl-f2">
         <path>C:\ti\ccs910\ccs\tools\compiler\ti-cgt-arm_18.12.2.LTS\lib\</path>
         <kind>archive</kind>
         <file>rtsv7M4_T_le_v4SPD16_eabi.lib</file>
         <name>ctype.c.obj</name>
      </input_file>
      <input_file id="fl-f3">
         <path>C:\ti\ccs910\ccs\tools\compiler\ti-cgt-arm_18.12.2.LTS\lib\</path>
         <kind>archive</kind>
         <file>rtsv7M4_T_le_v4SPD16_eabi.lib</file>
         <name>ltoa.c.obj</name>
      </input_file>
      <input_file id="fl-f4">
         <path>C:\ti\ccs910\ccs\tools\compiler\ti-cgt-arm_18.12.2.LTS\lib\</path>
         <kind>archive</kind>
         <file>rtsv7M4_T_le_v4SPD16_eabi.lib</file>
         <name>memccpy.c.obj</name>
      </input_file>
      <input_file id="fl-f5">
         <path>C:\ti\ccs910\ccs\tools\compiler\ti-cgt-arm_18.12.2.LTS\lib\</path>
         <kind>archive</kind>
         <file>rtsv7M4_T_le_v4SPD16_eabi.lib</file>
         <name>strchr.c.obj</name>
      </input_file>
      <input_file id="fl-f6">
         <path>C:\ti\ccs910\ccs\tools\compiler\ti-cgt-arm_18.12.2.LTS\lib\</path>
         <kind>archive</kind>
         <file>rtsv7M4_T_le_v4SPD16_eabi.lib</file>
         <name>strlen.c.obj</name>
      </input_file>
      <input_file id="fl-f7">
         <path>C:\ti\ccs910\ccs\tools\compiler\ti-cgt-arm_18.12.2.LTS\lib\</path>
         <kind>archive</kind>
         <file>rtsv7M4_T_le_v4SPD16_eabi.lib</file>
         <name>wcslen.c.obj</name>
      </input_file>
      <input_file id="fl-f8">
         <path>C:\ti\ccs910\ccs\tools\compiler\ti-cgt-arm_18.12.2.LTS\lib\</path>
         <kind>archive</kind>
         <file>rtsv7M4_T_le_v4SPD16_eabi.lib</file>
         <name>s_copysign.c.obj</name>
      </input_file>
   </input_file_list>
   <object_component_list>
      <object_component id="oc-f">
         <name>.intvecs</name>
         <load_address>0x0</load_address>
         <run_address>0x0</run_address>
         <size>0x208</size>
         <input_file_ref idref="fl-3"/>
      </object_component>
      <object_component id="oc-19a">
         <name>.text</name>
         <load_address>0x208</load_address>
         <run_address>0x208</run_address>
         <size>0xd5e0</size>
         <input_file_ref idref="fl-f"/>
      </object_component>
      <object_component id="oc-15b">
         <name>.text</name>
         <load_address>0xd7e8</load_address>
         <run_address>0xd7e8</run_address>
         <size>0x1e28</size>
         <input_file_ref idref="fl-d"/>
      </object_component>
      <object_component id="oc-98">
         <name>.text</name>
         <load_address>0xf610</load_address>
         <run_address>0xf610</run_address>
         <size>0x104c</size>
         <input_file_ref idref="fl-2"/>
      </object_component>
      <object_component id="oc-161">
         <name>.text</name>
         <load_address>0x1065c</load_address>
         <run_address>0x1065c</run_address>
         <size>0xc44</size>
         <input_file_ref idref="fl-10"/>
      </object_component>
      <object_component id="oc-36e">
         <name>.text:__TI_printfi</name>
         <load_address>0x112a0</load_address>
         <run_address>0x112a0</run_address>
         <size>0xa4e</size>
         <input_file_ref idref="fl-e7"/>
      </object_component>
      <object_component id="oc-248">
         <name>.text</name>
         <load_address>0x11cee</load_address>
         <run_address>0x11cee</run_address>
         <size>0x2</size>
         <input_file_ref idref="fl-ea"/>
      </object_component>
      <object_component id="oc-143">
         <name>.text</name>
         <load_address>0x11cf0</load_address>
         <run_address>0x11cf0</run_address>
         <size>0x4a0</size>
         <input_file_ref idref="fl-a"/>
      </object_component>
      <object_component id="oc-155">
         <name>.text</name>
         <load_address>0x12190</load_address>
         <run_address>0x12190</run_address>
         <size>0x28c</size>
         <input_file_ref idref="fl-e"/>
      </object_component>
      <object_component id="oc-450">
         <name>.text:_pconv_a</name>
         <load_address>0x1241c</load_address>
         <run_address>0x1241c</run_address>
         <size>0x270</size>
         <input_file_ref idref="fl-e7"/>
      </object_component>
      <object_component id="oc-fb">
         <name>.text:SysCtlClockFreqSet</name>
         <load_address>0x1268c</load_address>
         <run_address>0x1268c</run_address>
         <size>0x200</size>
         <input_file_ref idref="fl-14"/>
      </object_component>
      <object_component id="oc-2eb">
         <name>.text:exp2</name>
         <load_address>0x1288c</load_address>
         <run_address>0x1288c</run_address>
         <size>0x200</size>
         <input_file_ref idref="fl-d0"/>
      </object_component>
      <object_component id="oc-43e">
         <name>.text:_pconv_g</name>
         <load_address>0x12a8c</load_address>
         <run_address>0x12a8c</run_address>
         <size>0x1d0</size>
         <input_file_ref idref="fl-e7"/>
      </object_component>
      <object_component id="oc-1b6">
         <name>.text</name>
         <load_address>0x12c5c</load_address>
         <run_address>0x12c5c</run_address>
         <size>0x1b6</size>
         <input_file_ref idref="fl-d6"/>
      </object_component>
      <object_component id="oc-1af">
         <name>.text:atanf</name>
         <load_address>0x12e14</load_address>
         <run_address>0x12e14</run_address>
         <size>0x150</size>
         <input_file_ref idref="fl-ce"/>
      </object_component>
      <object_component id="oc-44a">
         <name>.text:_pconv_e</name>
         <load_address>0x12f64</load_address>
         <run_address>0x12f64</run_address>
         <size>0x13c</size>
         <input_file_ref idref="fl-e7"/>
      </object_component>
      <object_component id="oc-1a5">
         <name>.text</name>
         <load_address>0x130a0</load_address>
         <run_address>0x130a0</run_address>
         <size>0x136</size>
         <input_file_ref idref="fl-d8"/>
      </object_component>
      <object_component id="oc-267">
         <name>.text:GPIOPadConfigSet</name>
         <load_address>0x131d6</load_address>
         <run_address>0x131d6</run_address>
         <size>0x132</size>
         <input_file_ref idref="fl-11"/>
      </object_component>
      <object_component id="oc-4c4">
         <name>.text:fcvt</name>
         <load_address>0x13308</load_address>
         <run_address>0x13308</run_address>
         <size>0x124</size>
         <input_file_ref idref="fl-e7"/>
      </object_component>
      <object_component id="oc-14f">
         <name>.text</name>
         <load_address>0x1342c</load_address>
         <run_address>0x1342c</run_address>
         <size>0x120</size>
         <input_file_ref idref="fl-c"/>
      </object_component>
      <object_component id="oc-4d8">
         <name>.text:scalbn</name>
         <load_address>0x1354c</load_address>
         <run_address>0x1354c</run_address>
         <size>0x110</size>
         <input_file_ref idref="fl-e9"/>
      </object_component>
      <object_component id="oc-1a0">
         <name>.text</name>
         <load_address>0x1365c</load_address>
         <run_address>0x1365c</run_address>
         <size>0xfc</size>
         <input_file_ref idref="fl-d9"/>
      </object_component>
      <object_component id="oc-1bb">
         <name>.text:floor</name>
         <load_address>0x13758</load_address>
         <run_address>0x13758</run_address>
         <size>0xf8</size>
         <input_file_ref idref="fl-d1"/>
      </object_component>
      <object_component id="oc-149">
         <name>.text</name>
         <load_address>0x13850</load_address>
         <run_address>0x13850</run_address>
         <size>0xd8</size>
         <input_file_ref idref="fl-b"/>
      </object_component>
      <object_component id="oc-18f">
         <name>.text:round</name>
         <load_address>0x13928</load_address>
         <run_address>0x13928</run_address>
         <size>0xc0</size>
         <input_file_ref idref="fl-d2"/>
      </object_component>
      <object_component id="oc-438">
         <name>.text:_ltostr</name>
         <load_address>0x139e8</load_address>
         <run_address>0x139e8</run_address>
         <size>0xb1</size>
         <input_file_ref idref="fl-e7"/>
      </object_component>
      <object_component id="oc-38">
         <name>.text</name>
         <load_address>0x13a9a</load_address>
         <run_address>0x13a9a</run_address>
         <size>0x9c</size>
         <input_file_ref idref="fl-df"/>
      </object_component>
      <object_component id="oc-3fa">
         <name>.text</name>
         <load_address>0x13b36</load_address>
         <run_address>0x13b36</run_address>
         <size>0x96</size>
         <input_file_ref idref="fl-d4"/>
      </object_component>
      <object_component id="oc-30b">
         <name>.text:__aeabi_cdcmple</name>
         <load_address>0x13bcc</load_address>
         <run_address>0x13bcc</run_address>
         <size>0x86</size>
         <input_file_ref idref="fl-d7"/>
      </object_component>
      <object_component id="oc-310">
         <name>.text:__aeabi_cdrcmple</name>
         <load_address>0x13c52</load_address>
         <run_address>0x13c52</run_address>
         <size>0x86</size>
         <input_file_ref idref="fl-d7"/>
      </object_component>
      <object_component id="oc-8c">
         <name>.text</name>
         <load_address>0x13cd8</load_address>
         <run_address>0x13cd8</run_address>
         <size>0x7a</size>
         <input_file_ref idref="fl-d5"/>
      </object_component>
      <object_component id="oc-4bd">
         <name>.text:_mcpy</name>
         <load_address>0x13d52</load_address>
         <run_address>0x13d52</run_address>
         <size>0x6e</size>
         <input_file_ref idref="fl-e7"/>
      </object_component>
      <object_component id="oc-1aa">
         <name>.text</name>
         <load_address>0x13dc0</load_address>
         <run_address>0x13dc0</run_address>
         <size>0x6e</size>
         <input_file_ref idref="fl-db"/>
      </object_component>
      <object_component id="oc-31a">
         <name>.text</name>
         <load_address>0x13e2e</load_address>
         <run_address>0x13e2e</run_address>
         <size>0x6e</size>
         <input_file_ref idref="fl-d3"/>
      </object_component>
      <object_component id="oc-11f">
         <name>.text:IntEnable</name>
         <load_address>0x13e9c</load_address>
         <run_address>0x13e9c</run_address>
         <size>0x68</size>
         <input_file_ref idref="fl-13"/>
      </object_component>
      <object_component id="oc-12">
         <name>.text:decompress:lzss:__TI_decompress_lzss</name>
         <load_address>0x13f04</load_address>
         <run_address>0x13f04</run_address>
         <size>0x68</size>
         <input_file_ref idref="fl-e4"/>
      </object_component>
      <object_component id="oc-4d2">
         <name>.text:frexp</name>
         <load_address>0x13f6c</load_address>
         <run_address>0x13f6c</run_address>
         <size>0x64</size>
         <input_file_ref idref="fl-e8"/>
      </object_component>
      <object_component id="oc-10d">
         <name>.text:TimerConfigure</name>
         <load_address>0x13fd0</load_address>
         <run_address>0x13fd0</run_address>
         <size>0x60</size>
         <input_file_ref idref="fl-16"/>
      </object_component>
      <object_component id="oc-444">
         <name>.text:_pconv_f</name>
         <load_address>0x14030</load_address>
         <run_address>0x14030</run_address>
         <size>0x56</size>
         <input_file_ref idref="fl-e7"/>
      </object_component>
      <object_component id="oc-4b1">
         <name>.text:ltoa</name>
         <load_address>0x14086</load_address>
         <run_address>0x14086</run_address>
         <size>0x54</size>
         <input_file_ref idref="fl-f3"/>
      </object_component>
      <object_component id="oc-4b7">
         <name>.text:_ecpy</name>
         <load_address>0x140da</load_address>
         <run_address>0x140da</run_address>
         <size>0x52</size>
         <input_file_ref idref="fl-e7"/>
      </object_component>
      <object_component id="oc-2b1">
         <name>.text:I2CMasterInitExpClk</name>
         <load_address>0x1412c</load_address>
         <run_address>0x1412c</run_address>
         <size>0x4c</size>
         <input_file_ref idref="fl-12"/>
      </object_component>
      <object_component id="oc-279">
         <name>.text:_TimerIntNumberGet</name>
         <load_address>0x14178</load_address>
         <run_address>0x14178</run_address>
         <size>0x4c</size>
         <input_file_ref idref="fl-16"/>
      </object_component>
      <object_component id="oc-432">
         <name>.text:atoi</name>
         <load_address>0x141c4</load_address>
         <run_address>0x141c4</run_address>
         <size>0x4c</size>
         <input_file_ref idref="fl-f1"/>
      </object_component>
      <object_component id="oc-137">
         <name>.text:GPIOPinConfigure</name>
         <load_address>0x14210</load_address>
         <run_address>0x14210</run_address>
         <size>0x48</size>
         <input_file_ref idref="fl-11"/>
      </object_component>
      <object_component id="oc-257">
         <name>.text:_SysCtlFrequencyGet</name>
         <load_address>0x14258</load_address>
         <run_address>0x14258</run_address>
         <size>0x48</size>
         <input_file_ref idref="fl-14"/>
      </object_component>
      <object_component id="oc-195">
         <name>.text</name>
         <load_address>0x142a0</load_address>
         <run_address>0x142a0</run_address>
         <size>0x48</size>
         <input_file_ref idref="fl-da"/>
      </object_component>
      <object_component id="oc-d2">
         <name>.text:UARTConfigSetExpClk</name>
         <load_address>0x142e8</load_address>
         <run_address>0x142e8</run_address>
         <size>0x46</size>
         <input_file_ref idref="fl-17"/>
      </object_component>
      <object_component id="oc-1f6">
         <name>.text:__TI_auto_init_nobinit_nopinit:__TI_auto_init_nobinit_nopinit</name>
         <load_address>0x14330</load_address>
         <run_address>0x14330</run_address>
         <size>0x44</size>
         <input_file_ref idref="fl-eb"/>
      </object_component>
      <object_component id="oc-f3">
         <name>.text</name>
         <load_address>0x14374</load_address>
         <run_address>0x14374</run_address>
         <size>0x40</size>
         <input_file_ref idref="fl-e1"/>
      </object_component>
      <object_component id="oc-1c1">
         <name>.text:sprintf</name>
         <load_address>0x143b4</load_address>
         <run_address>0x143b4</run_address>
         <size>0x40</size>
         <input_file_ref idref="fl-cf"/>
      </object_component>
      <object_component id="oc-4ca">
         <name>.text:_fcpy</name>
         <load_address>0x143f4</load_address>
         <run_address>0x143f4</run_address>
         <size>0x3e</size>
         <input_file_ref idref="fl-e7"/>
      </object_component>
      <object_component id="oc-c6">
         <name>.text:SysCtlPeripheralPresent</name>
         <load_address>0x14434</load_address>
         <run_address>0x14434</run_address>
         <size>0x38</size>
         <input_file_ref idref="fl-14"/>
      </object_component>
      <object_component id="oc-18a">
         <name>.text</name>
         <load_address>0x1446c</load_address>
         <run_address>0x1446c</run_address>
         <size>0x38</size>
         <input_file_ref idref="fl-dc"/>
      </object_component>
      <object_component id="oc-27f">
         <name>.text:IntRegister</name>
         <load_address>0x144a4</load_address>
         <run_address>0x144a4</run_address>
         <size>0x34</size>
         <input_file_ref idref="fl-13"/>
      </object_component>
      <object_component id="oc-cc">
         <name>.text:SysCtlPeripheralEnable</name>
         <load_address>0x144d8</load_address>
         <run_address>0x144d8</run_address>
         <size>0x34</size>
         <input_file_ref idref="fl-14"/>
      </object_component>
      <object_component id="oc-56">
         <name>.text:_c_int00_noargs:_c_int00_noargs</name>
         <load_address>0x1450c</load_address>
         <run_address>0x1450c</run_address>
         <size>0x34</size>
         <input_file_ref idref="fl-e5"/>
      </object_component>
      <object_component id="oc-306">
         <name>.text</name>
         <load_address>0x14540</load_address>
         <run_address>0x14540</run_address>
         <size>0x2e</size>
         <input_file_ref idref="fl-dd"/>
      </object_component>
      <object_component id="oc-26d">
         <name>.text:GPIODirModeSet</name>
         <load_address>0x1456e</load_address>
         <run_address>0x1456e</run_address>
         <size>0x2a</size>
         <input_file_ref idref="fl-11"/>
      </object_component>
      <object_component id="oc-237">
         <name>.text:UARTDisable</name>
         <load_address>0x14598</load_address>
         <run_address>0x14598</run_address>
         <size>0x20</size>
         <input_file_ref idref="fl-17"/>
      </object_component>
      <object_component id="oc-251">
         <name>.text:_SysCtlMemTimingGet</name>
         <load_address>0x145b8</load_address>
         <run_address>0x145b8</run_address>
         <size>0x20</size>
         <input_file_ref idref="fl-14"/>
      </object_component>
      <object_component id="oc-2e6">
         <name>.text</name>
         <load_address>0x145d8</load_address>
         <run_address>0x145d8</run_address>
         <size>0x20</size>
         <input_file_ref idref="fl-e0"/>
      </object_component>
      <object_component id="oc-167">
         <name>.text:SysTickIntRegister</name>
         <load_address>0x145f8</load_address>
         <run_address>0x145f8</run_address>
         <size>0x1c</size>
         <input_file_ref idref="fl-15"/>
      </object_component>
      <object_component id="oc-456">
         <name>.text:memccpy</name>
         <load_address>0x14614</load_address>
         <run_address>0x14614</run_address>
         <size>0x1c</size>
         <input_file_ref idref="fl-f4"/>
      </object_component>
      <object_component id="oc-521">
         <name>.text:copysign</name>
         <load_address>0x14630</load_address>
         <run_address>0x14630</run_address>
         <size>0x1a</size>
         <input_file_ref idref="fl-f8"/>
      </object_component>
      <object_component id="oc-101">
         <name>.text:GPIOPinTypeGPIOOutput</name>
         <load_address>0x1464a</load_address>
         <run_address>0x1464a</run_address>
         <size>0x18</size>
         <input_file_ref idref="fl-11"/>
      </object_component>
      <object_component id="oc-119">
         <name>.text:TimerIntRegister</name>
         <load_address>0x14662</load_address>
         <run_address>0x14662</run_address>
         <size>0x18</size>
         <input_file_ref idref="fl-16"/>
      </object_component>
      <object_component id="oc-374">
         <name>.text:_outs</name>
         <load_address>0x1467a</load_address>
         <run_address>0x1467a</run_address>
         <size>0x18</size>
         <input_file_ref idref="fl-cf"/>
      </object_component>
      <object_component id="oc-315">
         <name>.text</name>
         <load_address>0x14692</load_address>
         <run_address>0x14692</run_address>
         <size>0x18</size>
         <input_file_ref idref="fl-de"/>
      </object_component>
      <object_component id="oc-2ca">
         <name>.text:I2CMasterErr</name>
         <load_address>0x146aa</load_address>
         <run_address>0x146aa</run_address>
         <size>0x16</size>
         <input_file_ref idref="fl-12"/>
      </object_component>
      <object_component id="oc-4de">
         <name>.text:strchr</name>
         <load_address>0x146c0</load_address>
         <run_address>0x146c0</run_address>
         <size>0x16</size>
         <input_file_ref idref="fl-f5"/>
      </object_component>
      <object_component id="oc-179">
         <name>.text:SysTickEnable</name>
         <load_address>0x146d8</load_address>
         <run_address>0x146d8</run_address>
         <size>0x14</size>
         <input_file_ref idref="fl-15"/>
      </object_component>
      <object_component id="oc-173">
         <name>.text:SysTickIntEnable</name>
         <load_address>0x146ec</load_address>
         <run_address>0x146ec</run_address>
         <size>0x14</size>
         <input_file_ref idref="fl-15"/>
      </object_component>
      <object_component id="oc-d8">
         <name>.text:UARTEnable</name>
         <load_address>0x14700</load_address>
         <run_address>0x14700</run_address>
         <size>0x14</size>
         <input_file_ref idref="fl-17"/>
      </object_component>
      <object_component id="oc-42c">
         <name>.text:strlen</name>
         <load_address>0x14714</load_address>
         <run_address>0x14714</run_address>
         <size>0x14</size>
         <input_file_ref idref="fl-f6"/>
      </object_component>
      <object_component id="oc-299">
         <name>.text:GPIOPinTypeGPIOInput</name>
         <load_address>0x14728</load_address>
         <run_address>0x14728</run_address>
         <size>0x12</size>
         <input_file_ref idref="fl-11"/>
      </object_component>
      <object_component id="oc-2ab">
         <name>.text:GPIOPinTypeI2C</name>
         <load_address>0x1473a</load_address>
         <run_address>0x1473a</run_address>
         <size>0x12</size>
         <input_file_ref idref="fl-11"/>
      </object_component>
      <object_component id="oc-2a5">
         <name>.text:GPIOPinTypeI2CSCL</name>
         <load_address>0x1474c</load_address>
         <run_address>0x1474c</run_address>
         <size>0x12</size>
         <input_file_ref idref="fl-11"/>
      </object_component>
      <object_component id="oc-13d">
         <name>.text:GPIOPinTypeUART</name>
         <load_address>0x1475e</load_address>
         <run_address>0x1475e</run_address>
         <size>0x12</size>
         <input_file_ref idref="fl-11"/>
      </object_component>
      <object_component id="oc-113">
         <name>.text:TimerLoadSet</name>
         <load_address>0x14770</load_address>
         <run_address>0x14770</run_address>
         <size>0x12</size>
         <input_file_ref idref="fl-16"/>
      </object_component>
      <object_component id="oc-45c">
         <name>.text:wcslen</name>
         <load_address>0x14782</load_address>
         <run_address>0x14782</run_address>
         <size>0x12</size>
         <input_file_ref idref="fl-f7"/>
      </object_component>
      <object_component id="oc-12b">
         <name>.text:IntMasterEnable</name>
         <load_address>0x14794</load_address>
         <run_address>0x14794</run_address>
         <size>0x10</size>
         <input_file_ref idref="fl-13"/>
      </object_component>
      <object_component id="oc-16d">
         <name>.text:SysTickPeriodSet</name>
         <load_address>0x147a4</load_address>
         <run_address>0x147a4</run_address>
         <size>0x10</size>
         <input_file_ref idref="fl-15"/>
      </object_component>
      <object_component id="oc-131">
         <name>.text:TimerEnable</name>
         <load_address>0x147b4</load_address>
         <run_address>0x147b4</run_address>
         <size>0xe</size>
         <input_file_ref idref="fl-16"/>
      </object_component>
      <object_component id="oc-18">
         <name>.text:decompress:none:__TI_decompress_none</name>
         <load_address>0x147c2</load_address>
         <run_address>0x147c2</run_address>
         <size>0xe</size>
         <input_file_ref idref="fl-e3"/>
      </object_component>
      <object_component id="oc-28c">
         <name>.text:CPUcpsie</name>
         <load_address>0x147d0</load_address>
         <run_address>0x147d0</run_address>
         <size>0xc</size>
         <input_file_ref idref="fl-18"/>
      </object_component>
      <object_component id="oc-4a">
         <name>.text:decompress:ZI:__TI_zero_init</name>
         <load_address>0x147dc</load_address>
         <run_address>0x147dc</run_address>
         <size>0xc</size>
         <input_file_ref idref="fl-e2"/>
      </object_component>
      <object_component id="oc-24">
         <name>.text</name>
         <load_address>0x147e8</load_address>
         <run_address>0x147e8</run_address>
         <size>0xc</size>
         <input_file_ref idref="fl-3"/>
      </object_component>
      <object_component id="oc-2b7">
         <name>.text:I2CMasterEnable</name>
         <load_address>0x147f4</load_address>
         <run_address>0x147f4</run_address>
         <size>0xa</size>
         <input_file_ref idref="fl-12"/>
      </object_component>
      <object_component id="oc-e4">
         <name>.text:UARTCharGet</name>
         <load_address>0x147fe</load_address>
         <run_address>0x147fe</run_address>
         <size>0xa</size>
         <input_file_ref idref="fl-17"/>
      </object_component>
      <object_component id="oc-de">
         <name>.text:UARTCharPut</name>
         <load_address>0x14808</load_address>
         <run_address>0x14808</run_address>
         <size>0xa</size>
         <input_file_ref idref="fl-17"/>
      </object_component>
      <object_component id="oc-37a">
         <name>.text:_outc</name>
         <load_address>0x14812</load_address>
         <run_address>0x14812</run_address>
         <size>0xa</size>
         <input_file_ref idref="fl-cf"/>
      </object_component>
      <object_component id="oc-2d0">
         <name>.text:I2CMasterBusy</name>
         <load_address>0x1481c</load_address>
         <run_address>0x1481c</run_address>
         <size>0x8</size>
         <input_file_ref idref="fl-12"/>
      </object_component>
      <object_component id="oc-2bd">
         <name>.text:I2CMasterSlaveAddrSet</name>
         <load_address>0x14824</load_address>
         <run_address>0x14824</run_address>
         <size>0x8</size>
         <input_file_ref idref="fl-12"/>
      </object_component>
      <object_component id="oc-125">
         <name>.text:TimerIntEnable</name>
         <load_address>0x1482c</load_address>
         <run_address>0x1482c</run_address>
         <size>0x8</size>
         <input_file_ref idref="fl-16"/>
      </object_component>
      <object_component id="oc-3e1">
         <name>.text:__aeabi_errno_addr</name>
         <load_address>0x14834</load_address>
         <run_address>0x14834</run_address>
         <size>0x8</size>
         <input_file_ref idref="fl-e6"/>
      </object_component>
      <object_component id="oc-29f">
         <name>.text:GPIOPinRead</name>
         <load_address>0x1483c</load_address>
         <run_address>0x1483c</run_address>
         <size>0x6</size>
         <input_file_ref idref="fl-11"/>
      </object_component>
      <object_component id="oc-17f">
         <name>.text:GPIOPinWrite</name>
         <load_address>0x14842</load_address>
         <run_address>0x14842</run_address>
         <size>0x6</size>
         <input_file_ref idref="fl-11"/>
      </object_component>
      <object_component id="oc-2c9">
         <name>.text:SysCtlDelay</name>
         <load_address>0x14848</load_address>
         <run_address>0x14848</run_address>
         <size>0x6</size>
         <input_file_ref idref="fl-14"/>
      </object_component>
      <object_component id="oc-107">
         <name>.text:TimerClockSourceSet</name>
         <load_address>0x1484e</load_address>
         <run_address>0x1484e</run_address>
         <size>0x6</size>
         <input_file_ref idref="fl-16"/>
      </object_component>
      <object_component id="oc-2c3">
         <name>.text:I2CMasterControl</name>
         <load_address>0x14854</load_address>
         <run_address>0x14854</run_address>
         <size>0x4</size>
         <input_file_ref idref="fl-12"/>
      </object_component>
      <object_component id="oc-2dc">
         <name>.text:I2CMasterDataGet</name>
         <load_address>0x14858</load_address>
         <run_address>0x14858</run_address>
         <size>0x4</size>
         <input_file_ref idref="fl-12"/>
      </object_component>
      <object_component id="oc-2d6">
         <name>.text:I2CMasterDataPut</name>
         <load_address>0x1485c</load_address>
         <run_address>0x1485c</run_address>
         <size>0x4</size>
         <input_file_ref idref="fl-12"/>
      </object_component>
      <object_component id="oc-1db">
         <name>.text:TimerIntClear</name>
         <load_address>0x14860</load_address>
         <run_address>0x14860</run_address>
         <size>0x4</size>
         <input_file_ref idref="fl-16"/>
      </object_component>
      <object_component id="oc-92">
         <name>.text:_system_pre_init</name>
         <load_address>0x14864</load_address>
         <run_address>0x14864</run_address>
         <size>0x4</size>
         <input_file_ref idref="fl-ec"/>
      </object_component>
      <object_component id="oc-1ea">
         <name>.text:abort:abort</name>
         <load_address>0x14868</load_address>
         <run_address>0x14868</run_address>
         <size>0x4</size>
         <input_file_ref idref="fl-ee"/>
      </object_component>
      <object_component id="oc-3e7">
         <name>.const:tbl</name>
         <load_address>0x14870</load_address>
         <run_address>0x14870</run_address>
         <size>0x1000</size>
         <input_file_ref idref="fl-d0"/>
      </object_component>
      <object_component id="oc-260">
         <name>.const:g_pppui32XTALtoVCO</name>
         <load_address>0x15870</load_address>
         <run_address>0x15870</run_address>
         <size>0x1b0</size>
         <input_file_ref idref="fl-14"/>
      </object_component>
      <object_component id="oc-4ab">
         <name>.const:.string:_ctypes_</name>
         <load_address>0x15a20</load_address>
         <run_address>0x15a20</run_address>
         <size>0x101</size>
         <input_file_ref idref="fl-f2"/>
      </object_component>
      <object_component id="oc-351">
         <name>.const:.string:INVALID_OFFSET</name>
         <load_address>0x15b21</load_address>
         <run_address>0x15b21</run_address>
         <size>0x3</size>
         <input_file_ref idref="fl-f"/>
      </object_component>
      <object_component id="oc-294">
         <name>.const:g_pui32GPIOBaseAddrs</name>
         <load_address>0x15b24</load_address>
         <run_address>0x15b24</run_address>
         <size>0x90</size>
         <input_file_ref idref="fl-11"/>
      </object_component>
      <object_component id="oc-286">
         <name>.const</name>
         <load_address>0x15bb4</load_address>
         <run_address>0x15bb4</run_address>
         <size>0x70</size>
         <input_file_ref idref="fl-13"/>
      </object_component>
      <object_component id="oc-25d">
         <name>.const:g_pui32Xtals</name>
         <load_address>0x15c24</load_address>
         <run_address>0x15c24</run_address>
         <size>0x6c</size>
         <input_file_ref idref="fl-14"/>
      </object_component>
      <object_component id="oc-3bf">
         <name>.const:g_ppui32TimerIntMap</name>
         <load_address>0x15c90</load_address>
         <run_address>0x15c90</run_address>
         <size>0x60</size>
         <input_file_ref idref="fl-16"/>
      </object_component>
      <object_component id="oc-24e">
         <name>.const:.string</name>
         <load_address>0x15cf0</load_address>
         <run_address>0x15cf0</run_address>
         <size>0x54</size>
         <input_file_ref idref="fl-2"/>
      </object_component>
      <object_component id="oc-3c2">
         <name>.const:g_ppui32TimerIntMapSnowflake</name>
         <load_address>0x15d44</load_address>
         <run_address>0x15d44</run_address>
         <size>0x40</size>
         <input_file_ref idref="fl-16"/>
      </object_component>
      <object_component id="oc-35d">
         <name>.const:$O1$$</name>
         <load_address>0x15d84</load_address>
         <run_address>0x15d84</run_address>
         <size>0x34</size>
         <input_file_ref idref="fl-ce"/>
      </object_component>
      <object_component id="oc-3ae">
         <name>.const:g_sXTALtoMEMTIM</name>
         <load_address>0x15db8</load_address>
         <run_address>0x15db8</run_address>
         <size>0x30</size>
         <input_file_ref idref="fl-14"/>
      </object_component>
      <object_component id="oc-f0">
         <name>.const:g_ui32UARTBase</name>
         <load_address>0x15de8</load_address>
         <run_address>0x15de8</run_address>
         <size>0xc</size>
         <input_file_ref idref="fl-2"/>
      </object_component>
      <object_component id="oc-ea">
         <name>.const:g_ui32UARTPeriph</name>
         <load_address>0x15df4</load_address>
         <run_address>0x15df4</run_address>
         <size>0xc</size>
         <input_file_ref idref="fl-2"/>
      </object_component>
      <object_component id="oc-354">
         <name>.const:yas532_version_ac_coef</name>
         <load_address>0x15e00</load_address>
         <run_address>0x15e00</run_address>
         <size>0xc</size>
         <input_file_ref idref="fl-f"/>
      </object_component>
      <object_component id="oc-263">
         <name>.const</name>
         <load_address>0x15e0c</load_address>
         <run_address>0x15e0c</run_address>
         <size>0x8</size>
         <input_file_ref idref="fl-14"/>
      </object_component>
      <object_component id="oc-358">
         <name>.const:v_calib_data$2</name>
         <load_address>0x15e14</load_address>
         <run_address>0x15e14</run_address>
         <size>0x8</size>
         <input_file_ref idref="fl-f"/>
      </object_component>
      <object_component id="oc-2fa">
         <name>.const:.string:$P$T0$1</name>
         <load_address>0x15e1c</load_address>
         <run_address>0x15e1c</run_address>
         <size>0x5</size>
         <input_file_ref idref="fl-e"/>
      </object_component>
      <object_component id="oc-357">
         <name>.const:.string:v_correct_u8$1</name>
         <load_address>0x15e21</load_address>
         <run_address>0x15e21</run_address>
         <size>0x5</size>
         <input_file_ref idref="fl-f"/>
      </object_component>
      <object_component id="oc-f8">
         <name>.const</name>
         <load_address>0x15e28</load_address>
         <run_address>0x15e28</run_address>
         <size>0x4</size>
         <input_file_ref idref="fl-2"/>
      </object_component>
      <object_component id="oc-56e">
         <name>.cinit..data.load</name>
         <load_address>0x15e30</load_address>
         <run_address>0x15e30</run_address>
         <size>0x1b</size>
      </object_component>
      <object_component id="oc-56b">
         <name>__TI_handler_table</name>
         <load_address>0x15e4c</load_address>
         <run_address>0x15e4c</run_address>
         <size>0xc</size>
      </object_component>
      <object_component id="oc-56f">
         <name>.cinit..bss.load</name>
         <load_address>0x15e58</load_address>
         <run_address>0x15e58</run_address>
         <size>0x8</size>
      </object_component>
      <object_component id="oc-56d">
         <name>.cinit..vtable.load</name>
         <load_address>0x15e60</load_address>
         <run_address>0x15e60</run_address>
         <size>0x8</size>
      </object_component>
      <object_component id="oc-56c">
         <name>__TI_cinit_table</name>
         <load_address>0x15e68</load_address>
         <run_address>0x15e68</run_address>
         <size>0x18</size>
      </object_component>
      <object_component id="oc-3c6">
         <name>.vtable</name>
         <uninitialized>true</uninitialized>
         <run_address>0x20000000</run_address>
         <size>0x26c</size>
         <input_file_ref idref="fl-13"/>
      </object_component>
      <object_component id="oc-ed">
         <name>.data</name>
         <load_address>0x20002260</load_address>
         <run_address>0x20002260</run_address>
         <size>0x3d</size>
         <input_file_ref idref="fl-2"/>
      </object_component>
      <object_component id="oc-345">
         <name>.data</name>
         <load_address>0x200022a0</load_address>
         <run_address>0x200022a0</run_address>
         <size>0x8</size>
         <input_file_ref idref="fl-f"/>
      </object_component>
      <object_component id="oc-33d">
         <name>.data:v_fifo_data_u8</name>
         <load_address>0x20001e60</load_address>
         <run_address>0x20001e60</run_address>
         <size>0x400</size>
         <input_file_ref idref="fl-f"/>
      </object_component>
      <object_component id="oc-49d">
         <name>.data</name>
         <load_address>0x200022a8</load_address>
         <run_address>0x200022a8</run_address>
         <size>0x4</size>
         <input_file_ref idref="fl-e6"/>
      </object_component>
      <object_component id="oc-2f2">
         <name>.bss</name>
         <uninitialized>true</uninitialized>
         <run_address>0x20001e54</run_address>
         <size>0x2</size>
         <input_file_ref idref="fl-c"/>
      </object_component>
      <object_component id="oc-33a">
         <name>.bss</name>
         <uninitialized>true</uninitialized>
         <run_address>0x20001df8</run_address>
         <size>0x4</size>
         <input_file_ref idref="fl-f"/>
      </object_component>
      <object_component id="oc-348">
         <name>.bss:mag_trim</name>
         <uninitialized>true</uninitialized>
         <run_address>0x20001dc4</run_address>
         <size>0x10</size>
         <input_file_ref idref="fl-f"/>
      </object_component>
      <object_component id="oc-34b">
         <name>.bss:akm_asa_data</name>
         <uninitialized>true</uninitialized>
         <run_address>0x20001e50</run_address>
         <size>0x3</size>
         <input_file_ref idref="fl-f"/>
      </object_component>
      <object_component id="oc-34e">
         <name>.bss:yas532_data</name>
         <uninitialized>true</uninitialized>
         <run_address>0x20001cb4</run_address>
         <size>0x70</size>
         <input_file_ref idref="fl-f"/>
      </object_component>
      <object_component id="oc-185">
         <name>.common:RELOJ</name>
         <uninitialized>true</uninitialized>
         <run_address>0x20001e14</run_address>
         <size>0x4</size>
      </object_component>
      <object_component id="oc-1c7">
         <name>.common:lux</name>
         <uninitialized>true</uninitialized>
         <run_address>0x20001e3c</run_address>
         <size>0x4</size>
      </object_component>
      <object_component id="oc-1e3">
         <name>.common:string</name>
         <uninitialized>true</uninitialized>
         <run_address>0x20001d24</run_address>
         <size>0x50</size>
      </object_component>
      <object_component id="oc-1c9">
         <name>.common:T_amb</name>
         <uninitialized>true</uninitialized>
         <run_address>0x20001e56</run_address>
         <size>0x2</size>
      </object_component>
      <object_component id="oc-1ca">
         <name>.common:T_obj</name>
         <uninitialized>true</uninitialized>
         <run_address>0x20001e58</run_address>
         <size>0x2</size>
      </object_component>
      <object_component id="oc-1cb">
         <name>.common:Tf_obj</name>
         <uninitialized>true</uninitialized>
         <run_address>0x20001e28</run_address>
         <size>0x4</size>
      </object_component>
      <object_component id="oc-1cc">
         <name>.common:Tf_amb</name>
         <uninitialized>true</uninitialized>
         <run_address>0x20001e24</run_address>
         <size>0x4</size>
      </object_component>
      <object_component id="oc-1c8">
         <name>.common:lux_i</name>
         <uninitialized>true</uninitialized>
         <run_address>0x20001e40</run_address>
         <size>0x4</size>
      </object_component>
      <object_component id="oc-1cd">
         <name>.common:T_amb_i</name>
         <uninitialized>true</uninitialized>
         <run_address>0x20001e1c</run_address>
         <size>0x4</size>
      </object_component>
      <object_component id="oc-1ce">
         <name>.common:T_obj_i</name>
         <uninitialized>true</uninitialized>
         <run_address>0x20001e20</run_address>
         <size>0x4</size>
      </object_component>
      <object_component id="oc-1cf">
         <name>.common:returnRslt</name>
         <uninitialized>true</uninitialized>
         <run_address>0x20001e48</run_address>
         <size>0x4</size>
      </object_component>
      <object_component id="oc-1d5">
         <name>.common:s_gyroXYZ</name>
         <uninitialized>true</uninitialized>
         <run_address>0x20001df2</run_address>
         <size>0x6</size>
      </object_component>
      <object_component id="oc-1d4">
         <name>.common:s_accelXYZ</name>
         <uninitialized>true</uninitialized>
         <run_address>0x20001dec</run_address>
         <size>0x6</size>
      </object_component>
      <object_component id="oc-1d3">
         <name>.common:s_magcompXYZ</name>
         <uninitialized>true</uninitialized>
         <run_address>0x20001dd4</run_address>
         <size>0xc</size>
      </object_component>
      <object_component id="oc-1d0">
         <name>.common:T_act</name>
         <uninitialized>true</uninitialized>
         <run_address>0x20001e18</run_address>
         <size>0x4</size>
      </object_component>
      <object_component id="oc-1d1">
         <name>.common:P_act</name>
         <uninitialized>true</uninitialized>
         <run_address>0x20001e10</run_address>
         <size>0x4</size>
      </object_component>
      <object_component id="oc-1d2">
         <name>.common:H_act</name>
         <uninitialized>true</uninitialized>
         <run_address>0x20001e08</run_address>
         <size>0x4</size>
      </object_component>
      <object_component id="oc-1b5">
         <name>.common:inicio</name>
         <uninitialized>true</uninitialized>
         <run_address>0x20001e38</run_address>
         <size>0x4</size>
      </object_component>
      <object_component id="oc-1e2">
         <name>.common:tiempo</name>
         <uninitialized>true</uninitialized>
         <run_address>0x20001e4c</run_address>
         <size>0x4</size>
      </object_component>
      <object_component id="oc-186">
         <name>.common:Opt_OK</name>
         <uninitialized>true</uninitialized>
         <run_address>0x20001e5b</run_address>
         <size>0x1</size>
      </object_component>
      <object_component id="oc-187">
         <name>.common:Tmp_OK</name>
         <uninitialized>true</uninitialized>
         <run_address>0x20001e5c</run_address>
         <size>0x1</size>
      </object_component>
      <object_component id="oc-188">
         <name>.common:Bme_OK</name>
         <uninitialized>true</uninitialized>
         <run_address>0x20001e53</run_address>
         <size>0x1</size>
      </object_component>
      <object_component id="oc-189">
         <name>.common:Bmi_OK</name>
         <uninitialized>true</uninitialized>
         <run_address>0x20001e5a</run_address>
         <size>0x1</size>
      </object_component>
      <object_component id="oc-1d6">
         <name>.common:AX</name>
         <uninitialized>true</uninitialized>
         <run_address>0x20001dfc</run_address>
         <size>0x4</size>
      </object_component>
      <object_component id="oc-1d7">
         <name>.common:AY</name>
         <uninitialized>true</uninitialized>
         <run_address>0x20001e00</run_address>
         <size>0x4</size>
      </object_component>
      <object_component id="oc-1d8">
         <name>.common:AZ</name>
         <uninitialized>true</uninitialized>
         <run_address>0x20001e04</run_address>
         <size>0x4</size>
      </object_component>
      <object_component id="oc-1d9">
         <name>.common:angulo</name>
         <uninitialized>true</uninitialized>
         <run_address>0x20001e2c</run_address>
         <size>0x4</size>
      </object_component>
      <object_component id="oc-1da">
         <name>.common:grados</name>
         <uninitialized>true</uninitialized>
         <run_address>0x20001e34</run_address>
         <size>0x4</size>
      </object_component>
      <object_component id="oc-1e1">
         <name>.common:direccion</name>
         <uninitialized>true</uninitialized>
         <run_address>0x20001e30</run_address>
         <size>0x4</size>
      </object_component>
      <object_component id="oc-2e2">
         <name>.common:I2C_Base</name>
         <uninitialized>true</uninitialized>
         <run_address>0x20001e0c</run_address>
         <size>0x4</size>
      </object_component>
      <object_component id="oc-303">
         <name>.common:p_bme280</name>
         <uninitialized>true</uninitialized>
         <run_address>0x20001e44</run_address>
         <size>0x4</size>
      </object_component>
      <object_component id="oc-2f7">
         <name>.common:bme280</name>
         <uninitialized>true</uninitialized>
         <run_address>0x20001d74</run_address>
         <size>0x3c</size>
      </object_component>
      <object_component id="oc-340">
         <name>.common:accel_fifo</name>
         <uninitialized>true</uninitialized>
         <run_address>0x20001270</run_address>
         <size>0x36c</size>
      </object_component>
      <object_component id="oc-343">
         <name>.common:gyro_fifo</name>
         <uninitialized>true</uninitialized>
         <run_address>0x200015dc</run_address>
         <size>0x36c</size>
      </object_component>
      <object_component id="oc-344">
         <name>.common:mag_fifo</name>
         <uninitialized>true</uninitialized>
         <run_address>0x20001948</run_address>
         <size>0x36c</size>
      </object_component>
      <object_component id="oc-320">
         <name>.common:s_bmi160</name>
         <uninitialized>true</uninitialized>
         <run_address>0x20001db0</run_address>
         <size>0x14</size>
      </object_component>
      <object_component id="oc-323">
         <name>.common:gyroxyz</name>
         <uninitialized>true</uninitialized>
         <run_address>0x20001de6</run_address>
         <size>0x6</size>
      </object_component>
      <object_component id="oc-324">
         <name>.common:accelxyz</name>
         <uninitialized>true</uninitialized>
         <run_address>0x20001de0</run_address>
         <size>0x6</size>
      </object_component>
      <object_component id="oc-21">
         <name>.stack</name>
         <uninitialized>true</uninitialized>
         <run_address>0x20000270</run_address>
         <size>0x4</size>
         <input_file_ref idref="fl-e5"/>
      </object_component>
      <object_component id="oc-570">
         <name>.stack</name>
         <uninitialized>true</uninitialized>
         <run_address>0x20000270</run_address>
         <size>0x0</size>
      </object_component>
      <object_component id="oc-b4">
         <name>.debug_info</name>
         <load_address>0x0</load_address>
         <run_address>0x0</run_address>
         <size>0x125f</size>
         <input_file_ref idref="fl-2"/>
      </object_component>
      <object_component id="oc-ee">
         <name>.debug_info</name>
         <load_address>0x125f</load_address>
         <run_address>0x125f</run_address>
         <size>0x311</size>
         <input_file_ref idref="fl-2"/>
      </object_component>
      <object_component id="oc-f9">
         <name>.debug_info</name>
         <load_address>0x1570</load_address>
         <run_address>0x1570</run_address>
         <size>0xca</size>
         <input_file_ref idref="fl-2"/>
      </object_component>
      <object_component id="oc-f1">
         <name>.debug_info</name>
         <load_address>0x163a</load_address>
         <run_address>0x163a</run_address>
         <size>0xd8</size>
         <input_file_ref idref="fl-2"/>
      </object_component>
      <object_component id="oc-eb">
         <name>.debug_info</name>
         <load_address>0x1712</load_address>
         <run_address>0x1712</run_address>
         <size>0xdc</size>
         <input_file_ref idref="fl-2"/>
      </object_component>
      <object_component id="oc-99">
         <name>.debug_info</name>
         <load_address>0x17ee</load_address>
         <run_address>0x17ee</run_address>
         <size>0x14b2</size>
         <input_file_ref idref="fl-2"/>
      </object_component>
      <object_component id="oc-6d">
         <name>.debug_info</name>
         <load_address>0x2ca0</load_address>
         <run_address>0x2ca0</run_address>
         <size>0x26b</size>
         <input_file_ref idref="fl-2"/>
      </object_component>
      <object_component id="oc-af">
         <name>.debug_info</name>
         <load_address>0x2f0b</load_address>
         <run_address>0x2f0b</run_address>
         <size>0x8b</size>
         <input_file_ref idref="fl-2"/>
      </object_component>
      <object_component id="oc-aa">
         <name>.debug_info</name>
         <load_address>0x2f96</load_address>
         <run_address>0x2f96</run_address>
         <size>0x297</size>
         <input_file_ref idref="fl-2"/>
      </object_component>
      <object_component id="oc-72">
         <name>.debug_info</name>
         <load_address>0x322d</load_address>
         <run_address>0x322d</run_address>
         <size>0xbb</size>
         <input_file_ref idref="fl-2"/>
      </object_component>
      <object_component id="oc-22a">
         <name>.debug_info</name>
         <load_address>0x32e8</load_address>
         <run_address>0x32e8</run_address>
         <size>0x6c6</size>
         <input_file_ref idref="fl-2"/>
      </object_component>
      <object_component id="oc-1e5">
         <name>.debug_info</name>
         <load_address>0x39ae</load_address>
         <run_address>0x39ae</run_address>
         <size>0x2c</size>
         <input_file_ref idref="fl-2"/>
      </object_component>
      <object_component id="oc-2c">
         <name>.debug_info</name>
         <load_address>0x39da</load_address>
         <run_address>0x39da</run_address>
         <size>0x2a2</size>
         <input_file_ref idref="fl-3"/>
      </object_component>
      <object_component id="oc-10">
         <name>.debug_info</name>
         <load_address>0x3c7c</load_address>
         <run_address>0x3c7c</run_address>
         <size>0xe1</size>
         <input_file_ref idref="fl-3"/>
      </object_component>
      <object_component id="oc-25">
         <name>.debug_info</name>
         <load_address>0x3d5d</load_address>
         <run_address>0x3d5d</run_address>
         <size>0x260</size>
         <input_file_ref idref="fl-3"/>
      </object_component>
      <object_component id="oc-33">
         <name>.debug_info</name>
         <load_address>0x3fbd</load_address>
         <run_address>0x3fbd</run_address>
         <size>0x84</size>
         <input_file_ref idref="fl-3"/>
      </object_component>
      <object_component id="oc-2e3">
         <name>.debug_info</name>
         <load_address>0x4041</load_address>
         <run_address>0x4041</run_address>
         <size>0x608</size>
         <input_file_ref idref="fl-a"/>
      </object_component>
      <object_component id="oc-144">
         <name>.debug_info</name>
         <load_address>0x4649</load_address>
         <run_address>0x4649</run_address>
         <size>0xeca</size>
         <input_file_ref idref="fl-a"/>
      </object_component>
      <object_component id="oc-14b">
         <name>.debug_info</name>
         <load_address>0x5513</load_address>
         <run_address>0x5513</run_address>
         <size>0x4e7</size>
         <input_file_ref idref="fl-b"/>
      </object_component>
      <object_component id="oc-2f6">
         <name>.debug_info</name>
         <load_address>0x59fa</load_address>
         <run_address>0x59fa</run_address>
         <size>0x2f7</size>
         <input_file_ref idref="fl-c"/>
      </object_component>
      <object_component id="oc-2f3">
         <name>.debug_info</name>
         <load_address>0x5cf1</load_address>
         <run_address>0x5cf1</run_address>
         <size>0xca</size>
         <input_file_ref idref="fl-c"/>
      </object_component>
      <object_component id="oc-150">
         <name>.debug_info</name>
         <load_address>0x5dbb</load_address>
         <run_address>0x5dbb</run_address>
         <size>0x59f</size>
         <input_file_ref idref="fl-c"/>
      </object_component>
      <object_component id="oc-304">
         <name>.debug_info</name>
         <load_address>0x635a</load_address>
         <run_address>0x635a</run_address>
         <size>0x30d</size>
         <input_file_ref idref="fl-d"/>
      </object_component>
      <object_component id="oc-15f">
         <name>.debug_info</name>
         <load_address>0x6667</load_address>
         <run_address>0x6667</run_address>
         <size>0x3f79</size>
         <input_file_ref idref="fl-d"/>
      </object_component>
      <object_component id="oc-2fe">
         <name>.debug_info</name>
         <load_address>0xa5e0</load_address>
         <run_address>0xa5e0</run_address>
         <size>0x338</size>
         <input_file_ref idref="fl-d"/>
      </object_component>
      <object_component id="oc-2f8">
         <name>.debug_info</name>
         <load_address>0xa918</load_address>
         <run_address>0xa918</run_address>
         <size>0x873</size>
         <input_file_ref idref="fl-e"/>
      </object_component>
      <object_component id="oc-2fb">
         <name>.debug_info</name>
         <load_address>0xb18b</load_address>
         <run_address>0xb18b</run_address>
         <size>0xd7</size>
         <input_file_ref idref="fl-e"/>
      </object_component>
      <object_component id="oc-157">
         <name>.debug_info</name>
         <load_address>0xb262</load_address>
         <run_address>0xb262</run_address>
         <size>0xbd6</size>
         <input_file_ref idref="fl-e"/>
      </object_component>
      <object_component id="oc-341">
         <name>.debug_info</name>
         <load_address>0xbe38</load_address>
         <run_address>0xbe38</run_address>
         <size>0x4a7</size>
         <input_file_ref idref="fl-f"/>
      </object_component>
      <object_component id="oc-352">
         <name>.debug_info</name>
         <load_address>0xc2df</load_address>
         <run_address>0xc2df</run_address>
         <size>0xdd</size>
         <input_file_ref idref="fl-f"/>
      </object_component>
      <object_component id="oc-33b">
         <name>.debug_info</name>
         <load_address>0xc3bc</load_address>
         <run_address>0xc3bc</run_address>
         <size>0xd0</size>
         <input_file_ref idref="fl-f"/>
      </object_component>
      <object_component id="oc-349">
         <name>.debug_info</name>
         <load_address>0xc48c</load_address>
         <run_address>0xc48c</run_address>
         <size>0xd0</size>
         <input_file_ref idref="fl-f"/>
      </object_component>
      <object_component id="oc-346">
         <name>.debug_info</name>
         <load_address>0xc55c</load_address>
         <run_address>0xc55c</run_address>
         <size>0x130</size>
         <input_file_ref idref="fl-f"/>
      </object_component>
      <object_component id="oc-34c">
         <name>.debug_info</name>
         <load_address>0xc68c</load_address>
         <run_address>0xc68c</run_address>
         <size>0xd8</size>
         <input_file_ref idref="fl-f"/>
      </object_component>
      <object_component id="oc-33e">
         <name>.debug_info</name>
         <load_address>0xc764</load_address>
         <run_address>0xc764</run_address>
         <size>0xdd</size>
         <input_file_ref idref="fl-f"/>
      </object_component>
      <object_component id="oc-355">
         <name>.debug_info</name>
         <load_address>0xc841</load_address>
         <run_address>0xc841</run_address>
         <size>0xec</size>
         <input_file_ref idref="fl-f"/>
      </object_component>
      <object_component id="oc-34f">
         <name>.debug_info</name>
         <load_address>0xc92d</load_address>
         <run_address>0xc92d</run_address>
         <size>0xd6</size>
         <input_file_ref idref="fl-f"/>
      </object_component>
      <object_component id="oc-19e">
         <name>.debug_info</name>
         <load_address>0xca03</load_address>
         <run_address>0xca03</run_address>
         <size>0x1ac0b</size>
         <input_file_ref idref="fl-f"/>
      </object_component>
      <object_component id="oc-326">
         <name>.debug_info</name>
         <load_address>0x2760e</load_address>
         <run_address>0x2760e</run_address>
         <size>0x6d1</size>
         <input_file_ref idref="fl-f"/>
      </object_component>
      <object_component id="oc-321">
         <name>.debug_info</name>
         <load_address>0x27cdf</load_address>
         <run_address>0x27cdf</run_address>
         <size>0xd38</size>
         <input_file_ref idref="fl-10"/>
      </object_component>
      <object_component id="oc-163">
         <name>.debug_info</name>
         <load_address>0x28a17</load_address>
         <run_address>0x28a17</run_address>
         <size>0x1b0e</size>
         <input_file_ref idref="fl-10"/>
      </object_component>
      <object_component id="oc-32b">
         <name>.debug_info</name>
         <load_address>0x2a525</load_address>
         <run_address>0x2a525</run_address>
         <size>0x7d</size>
         <input_file_ref idref="fl-10"/>
      </object_component>
      <object_component id="oc-402">
         <name>.debug_info</name>
         <load_address>0x2a5a2</load_address>
         <run_address>0x2a5a2</run_address>
         <size>0x28</size>
         <input_file_ref idref="fl-10"/>
      </object_component>
      <object_component id="oc-274">
         <name>.debug_info</name>
         <load_address>0x2a5ca</load_address>
         <run_address>0x2a5ca</run_address>
         <size>0x240</size>
         <input_file_ref idref="fl-11"/>
      </object_component>
      <object_component id="oc-295">
         <name>.debug_info</name>
         <load_address>0x2a80a</load_address>
         <run_address>0x2a80a</run_address>
         <size>0x15b</size>
         <input_file_ref idref="fl-11"/>
      </object_component>
      <object_component id="oc-182">
         <name>.debug_info</name>
         <load_address>0x2a965</load_address>
         <run_address>0x2a965</run_address>
         <size>0x2a3</size>
         <input_file_ref idref="fl-11"/>
      </object_component>
      <object_component id="oc-270">
         <name>.debug_info</name>
         <load_address>0x2ac08</load_address>
         <run_address>0x2ac08</run_address>
         <size>0x2b3</size>
         <input_file_ref idref="fl-11"/>
      </object_component>
      <object_component id="oc-26a">
         <name>.debug_info</name>
         <load_address>0x2aebb</load_address>
         <run_address>0x2aebb</run_address>
         <size>0x316</size>
         <input_file_ref idref="fl-11"/>
      </object_component>
      <object_component id="oc-140">
         <name>.debug_info</name>
         <load_address>0x2b1d1</load_address>
         <run_address>0x2b1d1</run_address>
         <size>0x27b</size>
         <input_file_ref idref="fl-11"/>
      </object_component>
      <object_component id="oc-2a8">
         <name>.debug_info</name>
         <load_address>0x2b44c</load_address>
         <run_address>0x2b44c</run_address>
         <size>0x27f</size>
         <input_file_ref idref="fl-11"/>
      </object_component>
      <object_component id="oc-2ae">
         <name>.debug_info</name>
         <load_address>0x2b6cb</load_address>
         <run_address>0x2b6cb</run_address>
         <size>0x279</size>
         <input_file_ref idref="fl-11"/>
      </object_component>
      <object_component id="oc-104">
         <name>.debug_info</name>
         <load_address>0x2b944</load_address>
         <run_address>0x2b944</run_address>
         <size>0x2b7</size>
         <input_file_ref idref="fl-11"/>
      </object_component>
      <object_component id="oc-29c">
         <name>.debug_info</name>
         <load_address>0x2bbfb</load_address>
         <run_address>0x2bbfb</run_address>
         <size>0x285</size>
         <input_file_ref idref="fl-11"/>
      </object_component>
      <object_component id="oc-2a2">
         <name>.debug_info</name>
         <load_address>0x2be80</load_address>
         <run_address>0x2be80</run_address>
         <size>0x27b</size>
         <input_file_ref idref="fl-11"/>
      </object_component>
      <object_component id="oc-13a">
         <name>.debug_info</name>
         <load_address>0x2c0fb</load_address>
         <run_address>0x2c0fb</run_address>
         <size>0x280</size>
         <input_file_ref idref="fl-11"/>
      </object_component>
      <object_component id="oc-230">
         <name>.debug_info</name>
         <load_address>0x2c37b</load_address>
         <run_address>0x2c37b</run_address>
         <size>0x18b</size>
         <input_file_ref idref="fl-11"/>
      </object_component>
      <object_component id="oc-3d6">
         <name>.debug_info</name>
         <load_address>0x2c506</load_address>
         <run_address>0x2c506</run_address>
         <size>0x231</size>
         <input_file_ref idref="fl-12"/>
      </object_component>
      <object_component id="oc-2be">
         <name>.debug_info</name>
         <load_address>0x2c737</load_address>
         <run_address>0x2c737</run_address>
         <size>0x2ce</size>
         <input_file_ref idref="fl-12"/>
      </object_component>
      <object_component id="oc-2b9">
         <name>.debug_info</name>
         <load_address>0x2ca05</load_address>
         <run_address>0x2ca05</run_address>
         <size>0x24e</size>
         <input_file_ref idref="fl-12"/>
      </object_component>
      <object_component id="oc-2b3">
         <name>.debug_info</name>
         <load_address>0x2cc53</load_address>
         <run_address>0x2cc53</run_address>
         <size>0x2d5</size>
         <input_file_ref idref="fl-12"/>
      </object_component>
      <object_component id="oc-2cc">
         <name>.debug_info</name>
         <load_address>0x2cf28</load_address>
         <run_address>0x2cf28</run_address>
         <size>0x269</size>
         <input_file_ref idref="fl-12"/>
      </object_component>
      <object_component id="oc-2d8">
         <name>.debug_info</name>
         <load_address>0x2d191</load_address>
         <run_address>0x2d191</run_address>
         <size>0x27e</size>
         <input_file_ref idref="fl-12"/>
      </object_component>
      <object_component id="oc-2de">
         <name>.debug_info</name>
         <load_address>0x2d40f</load_address>
         <run_address>0x2d40f</run_address>
         <size>0x254</size>
         <input_file_ref idref="fl-12"/>
      </object_component>
      <object_component id="oc-2c4">
         <name>.debug_info</name>
         <load_address>0x2d663</load_address>
         <run_address>0x2d663</run_address>
         <size>0x27e</size>
         <input_file_ref idref="fl-12"/>
      </object_component>
      <object_component id="oc-2d1">
         <name>.debug_info</name>
         <load_address>0x2d8e1</load_address>
         <run_address>0x2d8e1</run_address>
         <size>0x24e</size>
         <input_file_ref idref="fl-12"/>
      </object_component>
      <object_component id="oc-28a">
         <name>.debug_info</name>
         <load_address>0x2db2f</load_address>
         <run_address>0x2db2f</run_address>
         <size>0x20e</size>
         <input_file_ref idref="fl-13"/>
      </object_component>
      <object_component id="oc-287">
         <name>.debug_info</name>
         <load_address>0x2dd3d</load_address>
         <run_address>0x2dd3d</run_address>
         <size>0x210</size>
         <input_file_ref idref="fl-13"/>
      </object_component>
      <object_component id="oc-3c7">
         <name>.debug_info</name>
         <load_address>0x2df4d</load_address>
         <run_address>0x2df4d</run_address>
         <size>0x157</size>
         <input_file_ref idref="fl-13"/>
      </object_component>
      <object_component id="oc-281">
         <name>.debug_info</name>
         <load_address>0x2e0a4</load_address>
         <run_address>0x2e0a4</run_address>
         <size>0x2c1</size>
         <input_file_ref idref="fl-13"/>
      </object_component>
      <object_component id="oc-12e">
         <name>.debug_info</name>
         <load_address>0x2e365</load_address>
         <run_address>0x2e365</run_address>
         <size>0x23e</size>
         <input_file_ref idref="fl-13"/>
      </object_component>
      <object_component id="oc-121">
         <name>.debug_info</name>
         <load_address>0x2e5a3</load_address>
         <run_address>0x2e5a3</run_address>
         <size>0x268</size>
         <input_file_ref idref="fl-13"/>
      </object_component>
      <object_component id="oc-235">
         <name>.debug_info</name>
         <load_address>0x2e80b</load_address>
         <run_address>0x2e80b</run_address>
         <size>0x298</size>
         <input_file_ref idref="fl-14"/>
      </object_component>
      <object_component id="oc-25e">
         <name>.debug_info</name>
         <load_address>0x2eaa3</load_address>
         <run_address>0x2eaa3</run_address>
         <size>0x14d</size>
         <input_file_ref idref="fl-14"/>
      </object_component>
      <object_component id="oc-261">
         <name>.debug_info</name>
         <load_address>0x2ebf0</load_address>
         <run_address>0x2ebf0</run_address>
         <size>0x159</size>
         <input_file_ref idref="fl-14"/>
      </object_component>
      <object_component id="oc-3af">
         <name>.debug_info</name>
         <load_address>0x2ed49</load_address>
         <run_address>0x2ed49</run_address>
         <size>0x153</size>
         <input_file_ref idref="fl-14"/>
      </object_component>
      <object_component id="oc-264">
         <name>.debug_info</name>
         <load_address>0x2ee9c</load_address>
         <run_address>0x2ee9c</run_address>
         <size>0x160</size>
         <input_file_ref idref="fl-14"/>
      </object_component>
      <object_component id="oc-c7">
         <name>.debug_info</name>
         <load_address>0x2effc</load_address>
         <run_address>0x2effc</run_address>
         <size>0x283</size>
         <input_file_ref idref="fl-14"/>
      </object_component>
      <object_component id="oc-cd">
         <name>.debug_info</name>
         <load_address>0x2f27f</load_address>
         <run_address>0x2f27f</run_address>
         <size>0x27d</size>
         <input_file_ref idref="fl-14"/>
      </object_component>
[...]
         <value>0x20001e60</value>
         <object_component_ref idref="oc-33d"/>
      </symbol>
      <symbol id="sm-c73">
         <name>bmi160_get_fifo_time_enable</name>
         <value>0x255b</value>
         <object_component_ref idref="oc-19a"/>
      </symbol>
      <symbol id="sm-cc2">
         <name>s_bmi160</name>
         <value>0x20001db0</value>
      </symbol>
      <symbol id="sm-cc3">
         <name>gyroxyz</name>
         <value>0x20001de6</value>
      </symbol>
      <symbol id="sm-cc4">
         <name>accelxyz</name>
         <value>0x20001de0</value>
      </symbol>
      <symbol id="sm-cc5">
         <name>bmi160_interrupt_configuration</name>
         <value>0x110e1</value>
         <object_component_ref idref="oc-161"/>
      </symbol>
      <symbol id="sm-cc6">
         <name>bmi160_initialize_sensor</name>
         <value>0x1065d</value>
         <object_component_ref idref="oc-161"/>
      </symbol>
      <symbol id="sm-cc7">
         <name>bmi160_i2c_bus_read</name>
         <value>0x11193</value>
         <object_component_ref idref="oc-161"/>
      </symbol>
      <symbol id="sm-cc8">
         <name>bmi160_delay_ms</name>
         <value>0x1125d</value>
         <object_component_ref idref="oc-161"/>
      </symbol>
      <symbol id="sm-cc9">
         <name>bmi160_spi_bus_read</name>
         <value>0x11221</value>
         <object_component_ref idref="oc-161"/>
      </symbol>
      <symbol id="sm-cca">
         <name>bmi160_config_running_mode</name>
         <value>0x10699</value>
         <object_component_ref idref="oc-161"/>
      </symbol>
      <symbol id="sm-ccb">
         <name>bmi160_spi_bus_write</name>
         <value>0x1123f</value>
         <object_component_ref idref="oc-161"/>
      </symbol>
      <symbol id="sm-ccc">
         <name>spi_routine</name>
         <value>0x1117d</value>
         <object_component_ref idref="oc-161"/>
      </symbol>
      <symbol id="sm-ccd">
         <name>bmi160_i2c_bus_write</name>
         <value>0x111f5</value>
         <object_component_ref idref="oc-161"/>
      </symbol>
      <symbol id="sm-cce">
         <name>bmi160_i2c_burst_read</name>
         <value>0x111bf</value>
         <object_component_ref idref="oc-161"/>
      </symbol>
      <symbol id="sm-ccf">
         <name>i2c_routine</name>
         <value>0x1115b</value>
         <object_component_ref idref="oc-161"/>
      </symbol>
      <symbol id="sm-d36">
         <name>GPIOPinConfigure</name>
         <value>0x14211</value>
         <object_component_ref idref="oc-137"/>
      </symbol>
      <symbol id="sm-d37">
         <name>GPIOPinTypeI2CSCL</name>
         <value>0x1474d</value>
         <object_component_ref idref="oc-2a5"/>
      </symbol>
      <symbol id="sm-d38">
         <name>GPIOPinTypeI2C</name>
         <value>0x1473b</value>
         <object_component_ref idref="oc-2ab"/>
      </symbol>
      <symbol id="sm-d39">
         <name>GPIOPinTypeGPIOInput</name>
         <value>0x14729</value>
         <object_component_ref idref="oc-299"/>
      </symbol>
      <symbol id="sm-d3a">
         <name>GPIOPinTypeUART</name>
         <value>0x1475f</value>
         <object_component_ref idref="oc-13d"/>
      </symbol>
      <symbol id="sm-d3b">
         <name>GPIOPinTypeGPIOOutput</name>
         <value>0x1464b</value>
         <object_component_ref idref="oc-101"/>
      </symbol>
      <symbol id="sm-d3c">
         <name>GPIOPinRead</name>
         <value>0x1483d</value>
         <object_component_ref idref="oc-29f"/>
      </symbol>
      <symbol id="sm-d3d">
         <name>GPIODirModeSet</name>
         <value>0x1456f</value>
         <object_component_ref idref="oc-26d"/>
      </symbol>
      <symbol id="sm-d3e">
         <name>GPIOPinWrite</name>
         <value>0x14843</value>
         <object_component_ref idref="oc-17f"/>
      </symbol>
      <symbol id="sm-d3f">
         <name>GPIOPadConfigSet</name>
         <value>0x131d7</value>
         <object_component_ref idref="oc-267"/>
      </symbol>
      <symbol id="sm-d8a">
         <name>I2CMasterDataPut</name>
         <value>0x1485d</value>
         <object_component_ref idref="oc-2d6"/>
      </symbol>
      <symbol id="sm-d8b">
         <name>I2CMasterInitExpClk</name>
         <value>0x1412d</value>
         <object_component_ref idref="oc-2b1"/>
      </symbol>
      <symbol id="sm-d8c">
         <name>I2CMasterSlaveAddrSet</name>
         <value>0x14825</value>
         <object_component_ref idref="oc-2bd"/>
      </symbol>
      <symbol id="sm-d8d">
         <name>I2CMasterDataGet</name>
         <value>0x14859</value>
         <object_component_ref idref="oc-2dc"/>
      </symbol>
      <symbol id="sm-d8e">
         <name>I2CMasterErr</name>
         <value>0x146ab</value>
         <object_component_ref idref="oc-2ca"/>
      </symbol>
      <symbol id="sm-d8f">
         <name>I2CMasterControl</name>
         <value>0x14855</value>
         <object_component_ref idref="oc-2c3"/>
      </symbol>
      <symbol id="sm-d90">
         <name>I2CMasterBusy</name>
         <value>0x1481d</value>
         <object_component_ref idref="oc-2d0"/>
      </symbol>
      <symbol id="sm-d91">
         <name>I2CMasterEnable</name>
         <value>0x147f5</value>
         <object_component_ref idref="oc-2b7"/>
      </symbol>
      <symbol id="sm-dd3">
         <name>IntEnable</name>
         <value>0x13e9d</value>
         <object_component_ref idref="oc-11f"/>
      </symbol>
      <symbol id="sm-dd4">
         <name>IntRegister</name>
         <value>0x144a5</value>
         <object_component_ref idref="oc-27f"/>
      </symbol>
      <symbol id="sm-dd5">
         <name>g_pfnRAMVectors</name>
         <value>0x20000000</value>
         <object_component_ref idref="oc-3c6"/>
      </symbol>
      <symbol id="sm-dd6">
         <name>IntMasterEnable</name>
         <value>0x14795</value>
         <object_component_ref idref="oc-12b"/>
      </symbol>
      <symbol id="sm-e52">
         <name>SysCtlPeripheralPresent</name>
         <value>0x14435</value>
         <object_component_ref idref="oc-c6"/>
      </symbol>
      <symbol id="sm-e53">
         <name>SysCtlDelay</name>
         <value>0x14849</value>
         <object_component_ref idref="oc-2c9"/>
      </symbol>
      <symbol id="sm-e54">
         <name>SysCtlPeripheralEnable</name>
         <value>0x144d9</value>
         <object_component_ref idref="oc-cc"/>
      </symbol>
      <symbol id="sm-e55">
         <name>SysCtlClockFreqSet</name>
         <value>0x1268d</value>
         <object_component_ref idref="oc-fb"/>
      </symbol>
      <symbol id="sm-e82">
         <name>SysTickEnable</name>
         <value>0x146d9</value>
         <object_component_ref idref="oc-179"/>
      </symbol>
      <symbol id="sm-e83">
         <name>SysTickIntRegister</name>
         <value>0x145f9</value>
         <object_component_ref idref="oc-167"/>
      </symbol>
      <symbol id="sm-e84">
         <name>SysTickIntEnable</name>
         <value>0x146ed</value>
         <object_component_ref idref="oc-173"/>
      </symbol>
      <symbol id="sm-e85">
         <name>SysTickPeriodSet</name>
         <value>0x147a5</value>
         <object_component_ref idref="oc-16d"/>
      </symbol>
      <symbol id="sm-ee8">
         <name>TimerLoadSet</name>
         <value>0x14771</value>
         <object_component_ref idref="oc-113"/>
      </symbol>
      <symbol id="sm-ee9">
         <name>TimerIntRegister</name>
         <value>0x14663</value>
         <object_component_ref idref="oc-119"/>
      </symbol>
      <symbol id="sm-eea">
         <name>TimerEnable</name>
         <value>0x147b5</value>
         <object_component_ref idref="oc-131"/>
      </symbol>
      <symbol id="sm-eeb">
         <name>TimerIntEnable</name>
         <value>0x1482d</value>
         <object_component_ref idref="oc-125"/>
      </symbol>
      <symbol id="sm-eec">
         <name>TimerClockSourceSet</name>
         <value>0x1484f</value>
         <object_component_ref idref="oc-107"/>
      </symbol>
      <symbol id="sm-eed">
         <name>TimerConfigure</name>
         <value>0x13fd1</value>
         <object_component_ref idref="oc-10d"/>
      </symbol>
      <symbol id="sm-eee">
         <name>TimerIntClear</name>
         <value>0x14861</value>
         <object_component_ref idref="oc-1db"/>
      </symbol>
      <symbol id="sm-f21">
         <name>UARTConfigSetExpClk</name>
         <value>0x142e9</value>
         <object_component_ref idref="oc-d2"/>
      </symbol>
      <symbol id="sm-f22">
         <name>UARTDisable</name>
         <value>0x14599</value>
         <object_component_ref idref="oc-237"/>
      </symbol>
      <symbol id="sm-f23">
         <name>UARTCharPut</name>
         <value>0x14809</value>
         <object_component_ref idref="oc-de"/>
      </symbol>
      <symbol id="sm-f24">
         <name>UARTEnable</name>
         <value>0x14701</value>
         <object_component_ref idref="oc-d8"/>
      </symbol>
      <symbol id="sm-f25">
         <name>UARTCharGet</name>
         <value>0x147ff</value>
         <object_component_ref idref="oc-e4"/>
      </symbol>
      <symbol id="sm-f2f">
         <name>CPUcpsie</name>
         <value>0x147d1</value>
         <object_component_ref idref="oc-28c"/>
      </symbol>
      <symbol id="sm-f66">
         <name>atanf</name>
         <value>0x12e15</value>
         <object_component_ref idref="oc-1af"/>
      </symbol>
      <symbol id="sm-f8d">
         <name>sprintf</name>
         <value>0x143b5</value>
         <object_component_ref idref="oc-1c1"/>
      </symbol>
      <symbol id="sm-fcf">
         <name>exp2l</name>
         <value>0x1288d</value>
         <object_component_ref idref="oc-2eb"/>
      </symbol>
      <symbol id="sm-fd0">
         <name>exp2</name>
         <value>0x1288d</value>
         <object_component_ref idref="oc-2eb"/>
      </symbol>
      <symbol id="sm-fed">
         <name>floorl</name>
         <value>0x13759</value>
         <object_component_ref idref="oc-1bb"/>
      </symbol>
      <symbol id="sm-fee">
         <name>floor</name>
         <value>0x13759</value>
         <object_component_ref idref="oc-1bb"/>
      </symbol>
      <symbol id="sm-1006">
         <name>roundl</name>
         <value>0x13929</value>
         <object_component_ref idref="oc-18f"/>
      </symbol>
      <symbol id="sm-1007">
         <name>round</name>
         <value>0x13929</value>
         <object_component_ref idref="oc-18f"/>
      </symbol>
      <symbol id="sm-1015">
         <name>__aeabi_ldivmod</name>
         <value>0x13e2f</value>
         <object_component_ref idref="oc-31a"/>
      </symbol>
      <symbol id="sm-1022">
         <name>__aeabi_uldivmod</name>
         <value>0x13b37</value>
         <object_component_ref idref="oc-3fa"/>
      </symbol>
      <symbol id="sm-1031">
         <name>__aeabi_memset</name>
         <value>0x13cdb</value>
         <object_component_ref idref="oc-8c"/>
      </symbol>
      <symbol id="sm-1032">
         <name>memset</name>
         <value>0x13ce1</value>
         <object_component_ref idref="oc-8c"/>
      </symbol>
      <symbol id="sm-1033">
         <name>__aeabi_memset8</name>
         <value>0x13cdb</value>
         <object_component_ref idref="oc-8c"/>
      </symbol>
      <symbol id="sm-1034">
         <name>__aeabi_memset4</name>
         <value>0x13cdb</value>
         <object_component_ref idref="oc-8c"/>
      </symbol>
      <symbol id="sm-1035">
         <name>__aeabi_memclr8</name>
         <value>0x13cd9</value>
         <object_component_ref idref="oc-8c"/>
      </symbol>
      <symbol id="sm-1036">
         <name>__aeabi_memclr4</name>
         <value>0x13cd9</value>
         <object_component_ref idref="oc-8c"/>
      </symbol>
      <symbol id="sm-1037">
         <name>__aeabi_memclr</name>
         <value>0x13cd9</value>
         <object_component_ref idref="oc-8c"/>
      </symbol>
      <symbol id="sm-104e">
         <name>__aeabi_dsub</name>
         <value>0x12c5d</value>
         <object_component_ref idref="oc-1b6"/>
      </symbol>
      <symbol id="sm-104f">
         <name>__aeabi_dadd</name>
         <value>0x12c67</value>
         <object_component_ref idref="oc-1b6"/>
      </symbol>
      <symbol id="sm-1071">
         <name>__aeabi_cdcmpeq</name>
         <value>0x13bcd</value>
         <object_component_ref idref="oc-30b"/>
      </symbol>
      <symbol id="sm-1072">
         <name>__aeabi_cdcmple</name>
         <value>0x13bcd</value>
         <object_component_ref idref="oc-30b"/>
      </symbol>
      <symbol id="sm-1073">
         <name>__aeabi_cdrcmple</name>
         <value>0x13c53</value>
         <object_component_ref idref="oc-310"/>
      </symbol>
      <symbol id="sm-1087">
         <name>__aeabi_ddiv</name>
         <value>0x130a1</value>
         <object_component_ref idref="oc-1a5"/>
      </symbol>
      <symbol id="sm-1092">
         <name>__aeabi_dmul</name>
         <value>0x1365d</value>
         <object_component_ref idref="oc-1a0"/>
      </symbol>
      <symbol id="sm-109c">
         <name>__aeabi_d2iz</name>
         <value>0x142a1</value>
         <object_component_ref idref="oc-195"/>
      </symbol>
      <symbol id="sm-10a8">
         <name>__aeabi_d2f</name>
         <value>0x13dc1</value>
         <object_component_ref idref="oc-1aa"/>
      </symbol>
      <symbol id="sm-10b3">
         <name>__aeabi_f2d</name>
         <value>0x1446d</value>
         <object_component_ref idref="oc-18a"/>
      </symbol>
      <symbol id="sm-10bd">
         <name>__aeabi_i2d</name>
         <value>0x14541</value>
         <object_component_ref idref="oc-306"/>
      </symbol>
      <symbol id="sm-10c6">
         <name>__aeabi_lmul</name>
         <value>0x14693</value>
         <object_component_ref idref="oc-315"/>
      </symbol>
      <symbol id="sm-10e1">
         <name>memcpy</name>
         <value>0x13a9b</value>
         <object_component_ref idref="oc-38"/>
      </symbol>
      <symbol id="sm-10e2">
         <name>__aeabi_memcpy</name>
         <value>0x13a9b</value>
         <object_component_ref idref="oc-38"/>
      </symbol>
      <symbol id="sm-10e3">
         <name>__aeabi_memcpy8</name>
         <value>0x13a9b</value>
         <object_component_ref idref="oc-38"/>
      </symbol>
      <symbol id="sm-10e4">
         <name>__aeabi_memcpy4</name>
         <value>0x13a9b</value>
         <object_component_ref idref="oc-38"/>
      </symbol>
      <symbol id="sm-10ee">
         <name>__aeabi_ui2d</name>
         <value>0x145d9</value>
         <object_component_ref idref="oc-2e6"/>
      </symbol>
      <symbol id="sm-10fd">
         <name>__aeabi_uidivmod</name>
         <value>0x14375</value>
         <object_component_ref idref="oc-f3"/>
      </symbol>
      <symbol id="sm-10fe">
         <name>__aeabi_uidiv</name>
         <value>0x14375</value>
         <object_component_ref idref="oc-f3"/>
      </symbol>
      <symbol id="sm-1115">
         <name>__TI_zero_init</name>
         <value>0x147dd</value>
         <object_component_ref idref="oc-4a"/>
      </symbol>
      <symbol id="sm-112c">
         <name>__TI_decompress_none</name>
         <value>0x147c3</value>
         <object_component_ref idref="oc-18"/>
      </symbol>
      <symbol id="sm-114f">
         <name>__TI_decompress_lzss</name>
         <value>0x13f05</value>
         <object_component_ref idref="oc-12"/>
      </symbol>
      <symbol id="sm-1162">
         <name>__stack</name>
         <value>0x20000270</value>
         <object_component_ref idref="oc-21"/>
      </symbol>
      <symbol id="sm-1163">
         <name>_c_int00_noargs</name>
         <value>0x1450d</value>
         <object_component_ref idref="oc-56"/>
      </symbol>
      <symbol id="sm-1179">
         <name>__aeabi_errno_addr</name>
         <value>0x14835</value>
         <object_component_ref idref="oc-3e1"/>
      </symbol>
      <symbol id="sm-117a">
         <name>errno</name>
         <value>0x200022a8</value>
         <object_component_ref idref="oc-49d"/>
      </symbol>
      <symbol id="sm-12df">
         <name>__TI_printfi</name>
         <value>0x112a1</value>
         <object_component_ref idref="oc-36e"/>
      </symbol>
      <symbol id="sm-12f5">
         <name>frexpl</name>
         <value>0x13f6d</value>
         <object_component_ref idref="oc-4d2"/>
      </symbol>
      <symbol id="sm-12f6">
         <name>frexp</name>
         <value>0x13f6d</value>
         <object_component_ref idref="oc-4d2"/>
      </symbol>
      <symbol id="sm-1313">
         <name>scalbn</name>
         <value>0x1354d</value>
         <object_component_ref idref="oc-4d8"/>
      </symbol>
      <symbol id="sm-1314">
         <name>scalbnl</name>
         <value>0x1354d</value>
         <object_component_ref idref="oc-4d8"/>
      </symbol>
      <symbol id="sm-1315">
         <name>ldexpl</name>
         <value>0x1354d</value>
         <object_component_ref idref="oc-4d8"/>
      </symbol>
      <symbol id="sm-1316">
         <name>ldexp</name>
         <value>0x1354d</value>
         <object_component_ref idref="oc-4d8"/>
      </symbol>
      <symbol id="sm-1320">
         <name>__aeabi_idiv0</name>
         <value>0x11cef</value>
         <object_component_ref idref="oc-248"/>
      </symbol>
      <symbol id="sm-1321">
         <name>__aeabi_ldiv0</name>
         <value>0x11cef</value>
         <object_component_ref idref="oc-248"/>
      </symbol>
      <symbol id="sm-1349">
         <name>__TI_auto_init_nobinit_nopinit</name>
         <value>0x14331</value>
         <object_component_ref idref="oc-1f6"/>
      </symbol>
      <symbol id="sm-1353">
         <name>_system_pre_init</name>
         <value>0x14865</value>
         <object_component_ref idref="oc-92"/>
      </symbol>
      <symbol id="sm-135f">
         <name>C$$EXIT</name>
         <value>0x14869</value>
         <object_component_ref idref="oc-1ea"/>
      </symbol>
      <symbol id="sm-1360">
         <name>abort</name>
         <value>0x14869</value>
         <object_component_ref idref="oc-1ea"/>
      </symbol>
      <symbol id="sm-1378">
         <name>atoi</name>
         <value>0x141c5</value>
         <object_component_ref idref="oc-432"/>
      </symbol>
      <symbol id="sm-1383">
         <name>_ctypes_</name>
         <value>0x15a20</value>
         <object_component_ref idref="oc-4ab"/>
      </symbol>
      <symbol id="sm-1392">
         <name>ltoa</name>
         <value>0x14087</value>
         <object_component_ref idref="oc-4b1"/>
      </symbol>
      <symbol id="sm-13a2">
         <name>memccpy</name>
         <value>0x14615</value>
         <object_component_ref idref="oc-456"/>
      </symbol>
      <symbol id="sm-13b2">
         <name>strchr</name>
         <value>0x146c1</value>
         <object_component_ref idref="oc-4de"/>
      </symbol>
      <symbol id="sm-13c0">
         <name>strlen</name>
         <value>0x14715</value>
         <object_component_ref idref="oc-42c"/>
      </symbol>
      <symbol id="sm-13d9">
         <name>wcslen</name>
         <value>0x14783</value>
         <object_component_ref idref="oc-45c"/>
      </symbol>
      <symbol id="sm-13e3">
         <name>copysign</name>
         <value>0x14631</value>
         <object_component_ref idref="oc-521"/>
      </symbol>
      <symbol id="sm-13e4">
         <name>copysignl</name>
         <value>0x14631</value>
         <object_component_ref idref="oc-521"/>
      </symbol>
      <symbol id="sm-13e5">
         <name>__TI_static_base__</name>
         <value>0x0</value>
      </symbol>
      <symbol id="sm-13e8">
         <name>__mpu_init</name>
         <value>0x0</value>
      </symbol>
      <symbol id="sm-13e9">
         <name>_system_post_cinit</name>
         <value>0x0</value>
      </symbol>
   </symbol_table>
   <title>Link successful</title>
</link_info>
